[    0.000000] Initializing cgroup bss cpuset
[    0.000000] Initializing cgroup subsys cpu
[    0.000000] Initializing cgroup subsys cpuacct
[    0.000000] Linux version 4.4.0-83-generic (buildd@lgw01-29) (gcc version 5.4.0 20160609 (Ubuntu 5.4.0-6ubuntu1~16.04.4) ) #106-Ubuntu SMP Mon Jun 26 17:54:43 UTC 2017 (Ubuntu 4.4.0-83.106-generic 4.4.70)
[    0.000000] Command line: BOOT_IMAGE=/boot/vmlinuz-4.4.0-83-generic root=LABEL=cloudimg-rootfs ro console=tty1 console=ttyS0
[    0.000000] KERNEL supported cpus:
[    0.000000]   Intel GenuineIntel
[    0.000000]   AMD AuthenticAMD
[    0.000000]   Centaur CentaurHauls
[    0.000000] x86/fpu: xstate_offset[2]:  576, xstate_sizes[2]:  256
[    0.000000] x86/fpu: Supporting XSAVE feature 0x01: 'x87 floating point registers'
[    0.000000] x86/fpu: Supporting XSAVE feature 0x02: 'SSE registers'
[    0.000000] x86/fpu: Supporting XSAVE feature 0x04: 'AVX registers'
[    0.000000] x86/fpu: Enabled xstate features 0x7, context size is 832 bytes, using 'standard' format.
[    0.000000] x86/fpu: Using 'lazy' FPU context switches.
[    0.000000] e820: BIOS-provided physical RAM map:
[    0.000000] BIOS-e820: [mem 0x0000000000000000-0x000000000009fbff] usable
[    0.000000] BIOS-e820: [mem 0x000000000009fc00-0x000000000009ffff] reserved
[    0.000000] BIOS-e820: [mem 0x00000000000f0000-0x00000000000fffff] reserved
[    0.000000] BIOS-e820: [mem 0x0000000000100000-0x000000003ffeffff] usable
[    0.000000] BIOS-e820: [mem 0x000000003fff0000-0x000000003fffffff] ACPI data
[    0.000000] BIOS-e820: [mem 0x00000000fffc0000-0x00000000ffffffff] reserved
[    0.000000] NX (Execute Disable) protection: active
[   .00000] SMBIOS 2.5 present.
[    0.000000] Hypervisor detected: KVM
[    0.000000] e820: last_pfn = 0x3fff0 max_arch_pfn = 0x400000000
[    0.000000] MTRR: Disabled
[    0.000000] x86/PAT: MTRRs disabled, skipping PAT initialization too.
[    0.000000] x86/PAT: Configuration [0-7]: WB  WT  UC- UC  WB  WT  UC- UC  
[    0.000000] CPU MTRRs all blank - virtualized system.
[    0.000000] found SMP MP-table at [mem 0x0009fff0-0x0009ffff] mapped at [ffff88000009fff0]
[    0.000000] Scanning 1 areas for low memory corruption
[    0.000000] RAMDISK: [mem 0x36acc000-0x3755dfff]
[    0.000000] ACPI: Early table checksum verification disabled
[    0.000000] ACPI: RSDP 0x00000000000E0000 000024 (v02 VBOX  )
[    0.000000] ACPI: XSDT 0x000000003FFF0030 00003C (v01 VBOX   VBOXXSDT 00000001 ASL  00000061)
[    0.000000] ACPI: FACP 0x000000003FFF00F0 0000F4 (v04 VBOX   VBOXFACP 00000001 ASL  00000061)
[    0.000000] ACPI: DSDT 0x000000003FFF0470 002118 (v01 VBOX   VBOXBIOS 00000002 INTL 20160108)
[    0.000000] ACPI: FACS 0x000000003FFF0200 000040
[    0.000000] ACPI: FACS 0x000000003FFF0200 000040
[    0.000000] ACPI: APIC 0x000000003FFF0240 00005C (v02 VBOX   VBOXAPIC 00000001 ASL  00000061)
[    0.000000] ACPI: SSDT 0x000000003FFF02A0 0001CC (v01 VBOX   VBOXCPUT 00000002 INTL 20160108)
[    0.000000] No NUMA configuration found
[    0.000000] Faking a node at [mem 0x0000000000000000-0x000000003ffeffff]
[    0.000000] NODE_DATA(0) allocated [mem 0x3ffeb000-0x3ffeffff]
[    0.000000] kvm-clock: Using msrs 4b564d01 and 4b564d00
[    0.000000] kvm-clock: cpu 0, msr 0:3ffe3001, primary cpu clock
[    0.000000] kvm-clock: using sched offset of 3186354024 cycles
[    0.000000] clocksource: kvm-clock: mask: 0xffffffffffffffff max_cycles: 0x1cd42e4dffb, max_idle_ns: 881590591483 ns
[    0.000000] Zone ranges:
[    0.000000]   DMA      [mem 0x0000000000001000-0x0000000000ffffff]
[    0.000000]   DMA32    [mem 0x0000000001000000-0x000000003ffeffff]
[    0.000000]   Normal   empty
[    0.000000]   Device   empty
[    0.000000] Movable zone start for each node
[    0.000000] Early memory node ranges
[    0.000000]   node   0: [mem 0x0000000000001000-0x000000000009efff]
[    0.000000]   node   0: [mem 0x0000000000100000-0x000000003ffeffff]
[    0.000000] Initmem setup node 0 [mem 0x0000000000001000-0x000000003ffeffff]
[    0.000000] ACPI: PM-Timer IO Port: 0x4008
[    0.000000] IOAPIC[0]: apic_id 2, version 17, address 0xfec00000, GSI 0-23
[    0.000000] ACPI: INT_SRC_OVR (bus 0 bus_irq 0 global_irq 2 dfl dfl)
[    0.000000] ACPI: INT_SRC_OVR (bus 0 bus_irq 9 global_irq 9 high level)
[    0.000000] Using ACPI (MADT) for SMP configuration information
[    0.000000] smpboot: Allowing 2 CPUs, 0 hotplug CPUs
[    0.000000] PM: Registered nosave memory: [mem 0x00000000-0x00000fff]
[    0.000000] PM: Registered nosave memory: [mem 0x0009f000-0x0009ffff]
[    0.000000] PM: Registered nosave memory: [mem 0x000a0000-0x000effff]
[    0.000000] PM: Registered nosave memory: [mem 0x000f0000-0x000fffff]
[    0.000000] e820: [mem 0x40000000-0xfffbffff] available for PCI devices
[    0.000000] Booting paravirtualized kernel on KVM
[    0.000000] clocksource: refined-jiffies: mask: 0xffffffff max_cycles: 0xffffffff, max_idle_ns: 7645519600211568 ns
[    0.000000] setup_percpu: NR_CPUS:512 nr_cpumask_bits:512 nr_cpu_ids:2 nr_node_ids:1
[    0.000000] PERCPU: Embedded 33 pages/cpu @ffff88003fc00000 s98264 r8192 d28712 u1048576
[    0.000000] PV qspinlock hash table entries: 256 (order: 0, 4096 bytes)
[    0.000000] Built 1 zonelists in Node order, mobility grouping on.  Total pages: 257913
[    0.000000] Policy zone: DMA32
[    0.000000] Kernel command line: BOOT_IMAGE=/boot/vmlinuz-4.4.0-83-generic root=LABEL=cloudimg-rootfs ro console=tty1 console=ttyS0
[    0.000000] PID hash table entries: 4096 (order: 3, 32768 bytes)
[    0.000000] Memory: 1001752K/1048120K available (8469K kernel code, 1294K rwdata, 3984K rodata, 1488K init, 1316K bss, 46368K reserved, 0K cma-reserved)
[    0.000000] SLUB: HWalign=64, Order=0-3, MinObjects=0, CPUs=2, Nodes=1
[    0.000000] Hierarchical RCU implementation.
[    0.000000] 	Build-time adjustment of leaf fanout to 64.
[    0.000000] 	RCU restricting CPUs from NR_CPUS=512 to nr_cpu_ids=2.
[    0.000000] RCU: Adjusting geometry for rcu_fanout_leaf=64, nr_cpu_ids=2
[    0.000000] NR_IRQS:33024 nr_irqs:440 16
[    0.000000] Console: colour VGA+ 80x25
[    0.000000] console [tty1] enabled
[    0.000000] console [ttyS0] enabled
[    0.000000] tsc: Detected 2194.918 MHz processor
[    0.590945] Calibrating delay loop (skipped) preset value.. 4389.83 BogoMIPS (lpj=8779672)
[    0.613852] pid_max: default: 32768 minimum: 301
[    0.614717] ACPI: Core revision 20150930
[    0.616540] ACPI: 2 ACPI AML tables successfully acquired and loaded
[    0.670765] Security Framework initialized
[    0.705877] Yama: becoming mindful.
[    0.710714] AppArmor: AppArmor initialized
[    0.712862] Dentry cache hash table entries: 131072 (order: 8, 1048576 bytes)
[    0.725106] Inode-cache hash table entries: 65536 (order: 7, 524288 bytes)
[    0.728985] Mount-cache hash table entries: 2048 (order: 2, 16384 bytes)
[    0.760357] Mountpoint-cache hash table entries: 2048 (order: 2, 16384 bytes)
[    0.771325] Initializing cgroup subsys io
[    0.790651] Initializing cgroup subsys memory
[    0.796820] Initializing cgroup subsys devices
[    0.797807] Initializing cgroup subsys freezer
[    0.805130] Initializing cgroup subsys net_cls
[    0.819877] Initializing cgroup subsys perf_event
[    0.820759] Initializing cgroup subsys net_prio
[    0.821599] Initializing cgroup subsys hugetlb
[    0.822429] Initializing cgroup subsys pids
[    0.823327] CPU: Physical Processor ID: 0
[    0.824105] CPU: Processor Core ID: 0
[    0.825821] mce: CPU supports 0 MCE banks
[    0.826619] Last level iTLB entries: 4KB 64, 2MB 8, 4MB 8
[    0.830676] Last level dTLB entries: 4KB 64, 2MB 0, 4MB 0, 1GB 4
[    0.833663] Freeing SMP alternatives memory: 32K (ffffffff820b9000 - ffffffff820c1000)
[    0.845288] ftrace: allocating 32129 entries in 126 pages
[    0.928515] smpboot: APIC(0) Converting physical 0 to logical package 0
[    0.932532] smpboot: Max logical packages: 1
[    0.935723] ..TIMER: vector=0x30 apic1=0 pin1=2 apic2=-1 pin2=-1
[    1.043139] smpboot: CPU0: Intel(R) Core(TM) i5-5200U CPU @ 2.20GHz (family: 0x6, model: 0x3d, stepping: 0x4)
[    1.063713] Performance Events: unsupported p6 CPU model 61 no PMU driver, software events only.
[    1.070658] KVM setup paravirtual spinlock
[    1.092545] x86: Booting SMP configuration:
[    1.098848] .... node  #0, CPUs:      #1
[    1.108205] kvm-clock: cpu 1, msr 0:3ffe3041, secondary cpu clock
[    1.132142] mce: CPU supports 0 MCE banks
[    1.135393] x86: Booted up 1 node, 2 CPUs
[    1.146140] smpboot: Total of 2 processors activated (8779.67 BogoMIPS)
[    1.150643] devtmpfs: initialized
[    1.154865] evm: security.selinux
[    1.169196] evm: security.SMACK64
[    1.195326] evm: security.SMACK64EXEC
[    1.196246] evm: security.SMACK64TRANSMUTE
[    1.207966] evm: security.SMACK64MMAP
[    1.208712] evm: security.ima
[    1.209517] evm: security.capability
[    1.212251] clocksource: jiffies: mask: 0xffffffff max_cycles: 0xffffffff, max_idle_ns: 7645041785100000 ns
[    1.228030] futex hash table entries: 512 (order: 3, 32768 bytes)
[    1.230891] pinctrl core: initialized pinctrl subsystem
[    1.247695] RTC time: 11:54:36, date: 11/12/17
[    1.264187] NET: Registered protocol family 16
[    1.278881] cpuidle: using governor ladder
[    1.298913] cpuidle: using governor menu
[    1.305064] PCCT header not found.
[    1.306038] ACPI: bus type PCI registered
[    1.306875] acpiphp: ACPI Hot Plug PCI Controller Driver version: 0.5
[    1.308122] PCI: Using configuration type 1 for base access
[    1.320150] ACPI: Added _OSI(Module Device)
[    1.329290] ACPI: Added _OSI(Processor Device)
[    1.336919] ACPI: Added _OSI(3.0 _SCP Extensions)
[    1.340354] ACPI: Added _OSI(Processor Aggregator Device)
[    1.344679] ACPI: Executed 1 blocks of module-level executable AML code
[    1.353447] ACPI: Interpreter enabled
[    1.375368] ACPI: (supports S0 S5)
[    1.376185] ACPI: Using IOAPIC for interrupt routing
[    1.377371] PCI: Using host bridge windows from ACPI; if necessary, use "pci=nocrs" and report a bug
[    1.384161] ACPI: PCI Root Bridge [PCI0] (domain 0000 [bus 00-ff])
[    1.390711] acpi PNP0A03:00: _OSC: OS supports [ASPM ClockPM Segments MSI]
[    1.393196] acpi PNP0A03:00: _OSC failed (AE_NOT_FOUND); disabling ASPM
[    1.397203] acpi PNP0A03:00: fail to add MMCONFIG information, can't access extended PCI configuration space under this bridge.
[    1.401389] PCI host bridge to bus 0000:00
[    1.403768] pci_bus 0000:00: root bus resource [io  0x0000-0x0cf7 window]
[    1.408155] pci_bus 0000:00: root bus resource [io  0x0d00-0xffff window]
[    1.409440] pci_bus 0000:00: root bus resource [mem 0x000a0000-0x000bffff window]
[    1.411083] pci_bus 0000:00: root bus resource [mem 0x40000000-0xffdfffff window]
[    1.416006] pci_bus 0000:00: root bus resource [bus 00-ff]
[    1.418497] pci 0000:00:01.1: legacy IDE quirk: reg 0x10: [io  0x01f0-0x01f7]
[    1.420935] pci 0000:00:01.1: legacy IDE quirk: reg 0x14: [io  0x03f6]
[    1.422149] pci 0000:00:01.1: legacy IDE quirk: reg 0x18: [io  0x0170-0x0177]
[    1.423486] pci 0000:00:01.1: legacy IDE quirk: reg 0x1c: [io  0x0376]
[    1.459711] ACPI: PCI Interrupt Link [LNKA] (IRQs 5 9 10 11) *0, disabled.
[    1.503932] ACPI: PCI Interrupt Link [LNKB] (IRQs 5 9 10 *11)
[    1.523579] ACPI: PCI Interrupt Link [LNKC] (IRQs 5 9 *10 11)
[    1.548623] ACPI: PCI Interrupt Link [LNKD] (IRQs 5 *9 10 11)
[    1.551623] ACPI: Enabled 2 GPEs in block 00 to 07
[    1.561057] vgaarb: setting as boot device: PCI:0000:00:02.0
[    1.569650] vgaarb: device added: PCI:0000:00:02.0,decodes=io+mem,owns=io+mem,locks=none
[    1.584335] vgaarb: loaded
[    1.599098] vgaarb: bridge control possible 0000:00:02.0
[    1.600341] SCSI subsystem initialized
[    1.615525] ACPI: bus type USB registered
[    1.627968] usbcore: registered new interface driver usbfs
[    1.628928] usbcore: registered new interface driver hub
[    1.663281] usbcore: registered new device driver usb
[    1.671911] PCI: Using ACPI for IRQ routing
[    1.678310] NetLabel: Initializing
[    1.687048] NetLabel:  domain hash size = 128
[    1.689547] NetLabel:  protocols = UNLABELED CIPSOv4
[    1.690495] NetLabel:  unlabeled traffic allowed by default
[    1.691880] amd_nb: Cannot enumerate AMD northbridges
[    1.698180] clocksource: Switched to clocksource kvm-clock
[    1.707305] AppArmor: AppArmor Filesystem Enabled
[  1713728] pnp: PnP ACPI init
[   8206pn: nPCP fun 3deics
[  22976clksure:aci_m: as: xffff max_cycles: 0xffffff, max_idle_ns: 085701024 ns
[  28439NE Rgistered protocol family 2

[    3.093491] TCP established hash table entries: 8192 (order: 4, 65536 bytes)
[    3.138727] TCP bind hash table entries: 8192 (order: 5, 131072 bytes)
[   3.149094] TCP: Hash tables configured (established 8192 bind 8192)
[   .165] DP hash table entries 5 (rder: 2, 16384 bytes)
[   3.4331]UDLi hshabe tris: 512 (order: 2, 16384 bytes)
[    3.838024] NET: Registered protocol family 1
[    3.838884] pci 0000:00:00.0: Limiting direct PCI/PCI transfers
[    3.839906 pi 00:0:0.0 ActiatngIS D hngwokaunds
[   .296] pakig niras..
[    6.709684] Freeing initrd memory: 10824K (ffff880036acc000 - ffff88003755e000)
[    6.720027] RAPL PMU detected, API unit is 2^-32 Joules, 4 fixed counters 10737418240 ms ovfl timer
[    6.735369] hw unit of domain pp0-core 2^-0 Joules
[    6.743077] hw unit of domain package 2^-0 Joules
[    6.745814] hw unit of domain dram 2^-0 Joules
[    6.746681] hw unit of domain pp1-gpu 2^-0 Joules
[    6.758280] platform rtc_cmos: registered platform RTC device (no PNP device found)
[    6.779691] Scanning for low memory corruption every 60 seconds
[    6.783963] audit: initializing netlink subsys (disabled)
[    6.787248] audit: type=2000 audit(1510487685.546:1): initialized
[    6.788906] Initialise system trusted keyring
[    6.791326] HugeTLB registered 2 MB page size, pre-allocated 0 pages
[    6.800882] zbud: loaded
[    6.807126] VFS: Disk quotas dquot_6.6.0
[    6.807943] VFS: Dquot-cache hash table entries: 512 (order 0, 4096 bytes)
[    6.809321] squashfs: version 4.0 (2009/01/31) Phillip Lougher
[    6.810659] fuse init (API version 7.23)
[    6.818921] Key type big_key registered
[    6.830938] Allocating IMA MOK and blacklist keyrings.
[    6.839079] Key type asymmetric registered
[    6.844384] Asymmetric key parser 'x509' registered
[    6.847142] Block layer SCSI generic (bsg) driver version 0.4 loaded (major 249)
[    6.866141] io scheduler noop registered
[    6.867043] io scheduler deadline registered (default)
[    6.868112] io scheduler cfq registered
[    6.869059] pci_hotplug: PCI Hot Plug PCI Core version: 0.5
[    6.870141] pciehp: PCI Express Hot Plug Controller Driver version: 0.4
[    6.871484] ACPI: AC Adapter [AC] (on-line)
[    6.875129] input: Power Button as /devices/LNXSYSTM:00/LNXPWRBN:00/input/input0
[    6.886286] ACPI: Power Button [PWRF]
[    6.887132] input: Sleep Button as /devices/LNXSYSTM:00/LNXSLPBN:00/input/input1
[    6.888604] ACPI: Sleep Button [SLPF]
[    6.889616] GHES: HEST is not enabled!
[    6.890372] ACPI: Battery Slot [BAT0] (battery present)
[    6.899297] Serial: 8250/16550 driver, 32 ports, IRQ sharing enabled
[    6.924928] 00:02: ttyS0 at I/O 0x3f8 (irq = 4, base_baud = 115200) is a 16550A
[    6.932753] Linux agpgart interface v0.103
[    6.937249] loop: module loaded
[    6.939770] scsi host0: ata_piix
[    6.943128] scsi host1: ata_piix
[    6.945499] ata1: PATA max UDMA/33 cmd 0x1f0 ctl 0x3f6 bmdma 0xd000 irq 14
[    6.946725] ata2: PATA max UDMA/33 cmd 0x170 ctl 0x376 bmdma 0xd008 irq 15
[    6.948050] libphy: Fixed MDIO Bus: probed
[    6.948939] tun: Universal TUN/TAP device driver, 1.6
[    6.949931] tun: (C) 1999-2004 Max Krasnyansky <maxk@qualcomm.com>
[    6.951132] PPP generic driver version 2.4.2
[    6.952030] ehci_hcd: USB 2.0 'Enhanced' Host Controller (EHCI) Driver
[    6.953155] ehci-pci: EHCI PCI platform driver
[    6.954017] ehci-platform: EHCI generic platform driver
[    6.955087] ohci_hcd: USB 1.1 'Open' Host Controller (OHCI) Driver
[    6.956183] ohci-pci: OHCI PCI platform driver
[    6.958664] ohci-platform: OHCI generic platform driver
[    6.964963] uhci_hcd: USB Universal Host Controller Interface driver
[    6.966156] i8042: PNP: PS/2 Controller [PNP0303:PS2K,PNP0f03:PS2M] at 0x60,0x64 irq 1,12
[    6.968365] serio: i8042 KBD port at 0x60,0x64 irq 1
[    6.971220] serio: i8042 AUX port at 0x60,0x64 irq 12
[    6.972353] mousedev: PS/2 mouse device common for all mice
[    6.973701] input: AT Translated Set 2 keyboard as /devices/platform/i8042/serio0/input/input2
[    6.980077] rtc_cmos rtc_cmos: rtc core: registered rtc_cmos as rtc0
[    6.985439] rtc_cmos rtc_cmos: alarms up to one day, 114 bytes nvram
[    6.986505] i2c /dev entries driver
[    6.987324] device-mapper: uevent: version 1.0.3
[    6.988354] device-mapper: ioctl: 4.34.0-ioctl (2015-10-28) initialised: dm-devel@redhat.com
[    6.989988] ledtrig-cpu: registered to indicate activity on CPUs
[    6.991822] NET: Registered protocol family 10
[    6.995859] NET: Registered protocol family 17
[    6.996700] Key type dns_resolver registered
[    6.997735] microcode: CPU0 sig=0x306d4, pf=0x40, revision=0x0
[    6.998919] microcode: CPU1 sig=0x306d4, pf=0x40, revision=0x0
[    7.000039] microcode: Microcode Update Driver: v2.01 <tigran@aivazian.fsnet.co.uk>, Peter Oruba
[    7.017184] registered taskstats version 1
[    7.036888] Loading compiled-in X.509 certificates
[    7.038573] Loaded X.509 cert 'Build time autogenerated kernel key: 35105354eb779045e4d9ad793dead39d5ee93f76'
[    7.040617] zswap: loaded using pool lzo/zbud
[    7.043927] Key type trusted registered
[    7.080885] Key type encrypted registered
[    7.115730] AppArmor: AppArmor sha1 policy hashing enabled
[    7.135709] ima: No TPM chip found, activating TPM-bypass!
[    7.166925] evm: HMAC attrs: 0x1
[    7.195642]   Magic number: 9:987:933
[    7.197701] rtc_cmos rtc_cmos: setting system clock to 2017-11-12 11:54:42 UTC (1510487682)
[    7.236093] BIOS EDD facility v0.16 2004-Jun-25, 0 devices found
[    7.241421] EDD information not available.
[    7.243833] Freeing unused kernel memory: 1488K (ffffffff81f45000 - ffffffff820b9000)
[    7.256130] Write protecting the kernel read-only data: 14336k
[    7.415951] Freeing unused kernel memory: 1760K (ffff880001848000 - ffff880001a00000)
[    7.423839] Freeing unused kernel memory: 112K (ffff880001de4000 - ffff880001e00000)
Loading, please wait...
starting version[    7.531708] random: systemd-udevd: uninitialized urandom read (16 bytes read, 3 bits of entropy available)
 229
[    7.532811] random: udevadm: uninitialized urandom read (16 bytes read, 3 bits of entropy available)
[    7.532853] random: udevadm: uninitialized urandom read (16 bytes read, 3 bits of entropy available)
[    7.532975] random: udevadm: uninitialized urandom read (16 bytes read, 3 bits of entropy available)
[    7.533017] random: udevadm: uninitialized urandom read (16 bytes read, 3 bits of entropy available)
[    7.533061] random: udevadm: uninitialized urandom read (16 bytes read, 3 bits of entropy available)
[    7.533101] random: udevadm: uninitialized urandom read (16 bytes read, 3 bits of entropy available)
[    7.533138] random: udevadm: uninitialized urandom read (16 bytes read, 3 bits of entropy available)
[    7.533178] random: udevadm: uninitialized urandom read (16 bytes read, 3 bits of entropy available)
[    7.533216] random: udevadm: uninitialized urandom read (16 bytes read, 3 bits of entropy available)
[    7.806343] tsc: Refined TSC clocksource calibration: 2192.070 MHz
[    7.806346] clocksource: tsc: mask: 0xffffffffffffffff max_cycles: 0x1f98efabdea, max_idle_ns: 440795254595 ns
[    7.891193] e1000: Intel(R) PRO/1000 Network Driver - version 7.3.21-k8-NAPI
[    7.903438] e1000: Copyright (c) 1999-2006 Intel Corporation.
[    7.910002] Fusion MPT base driver 3.04.20
[    7.922023] Copyright (c) 1999-2008 LSI Corporation
[    7.960991] Fusion MPT SPI Host driver 3.04.20
[    8.002065] AVX version of gcm_enc/dec engaged.
[    8.008447] AES CTR mode by8 optimization enabled
[    8.107849] input: ImExPS/2 Generic Explorer Mouse as /devices/platform/i8042/serio1/input/input4
[    8.335677] e1000 0000:00:03.0 eth0: (PCI:33MHz:32-bit) 02:fe:ea:33:6c:e6
[    8.544689] e1000 0000:00:03.0 eth0: Intel(R) PRO/1000 Network Connection
[    8.605952] e1000 0000:00:03.0 enp0s3: renamed from eth0
[    8.614602] mptbase: ioc0: Initiating bringup
[    8.693823] ioc0: LSI53C1030 A0: Capabilities={Initiator}
[    9.388726] scsi host2: ioc0: LSI53C1030 A0, FwRev=00000000h, Ports=1, MaxQ=256, IRQ=20
[    9.747489] scsi 2:0:0:0: Direct-Access     VBOX     HARDDISK         1.0  PQ: 0 ANSI: 5
[    9.797631] scsi target2:0:0: Beginning Domain Validation
[    9.807981] scsi target2:0:0: Domain Validation skipping write tests
[    9.809070] scsi target2:0:0: Ending Domain Validation
[    9.810032] scsi target2:0:0: asynchronous
[    9.811234] scsi 2:0:1:0: Direct-Access     VBOX     HARDDISK         1.0  PQ: 0 ANSI: 5
[    9.812953] scsi target2:0:1: Beginning Domain Validation
[    9.833900] scsi target2:0:1: Domain Validation skipping write tests
[    9.842372] scsi target2:0:1: Ending Domain Validation
[    9.852620] scsi target2:0:1: asynchronous
[    9.871910] sd 2:0:0:0: [sda] 20971520 512-byte logical blocks: (10.7 GB/10.0 GiB)
[    9.872048] sd 2:0:0:0: Attached scsi generic sg0 type 0
[    9.872772] sd 2:0:1:0: [sdb] 20480 512-byte logical blocks: (10.5 MB/10.0 MiB)
[    9.872973] sd 2:0:1:0: Attached scsi generic sg1 type 0
[    9.873785] sd 2:0:1:0: [sdb] Write Protect is off
[    9.874089] sd 2:0:1:0: [sdb] Incomplete mode parameter data
[    9.874091] sd 2:0:1:0: [sdb] Assuming drive cache: write through
[    9.947122] sd 2:0:1:0: [sdb] Attached SCSI disk
[   10.053616] sd 2:0:0:0: [sda] Write Protect is off
[   10.054800] sd 2:0:0:0: [sda] Incomplete mode parameter data
[   10.055876] sd 2:0:0:0: [sda] Assuming drive cache: write through
[   10.075364]  sda: sda1
[   10.078459] sd 2:0:0:0: [sda] Attached SCSI disk
[   10.962392] floppy0: no floppy controllers found
Begin: Loading essential drivers ... [   12.375976] md: linear personality registered for level -1
[   12.381844] md: multipath personality registered for level -4
[   12.391023] md: raid0 personality registered for level 0
[   12.407540] md: raid1 personality registered for level 1
[   12.478236] raid6: sse2x1   gen()  8222 MB/s
[   12.554221] raid6: sse2x1   xor()  6182 MB/s
[   12.626213] raid6: sse2x2   gen() 10077 MB/s
[   12.698234] raid6: sse2x2   xor()  6748 MB/s
[   12.766233] raid6: sse2x4   gen() 12099 MB/s
[   12.846213] raid6: sse2x4   xor()  8210 MB/s
[   12.851117] raid6: using algorithm sse2x4 gen() 12099 MB/s
[   12.852107] raid6: .... xor() 8210 MB/s, rmw enabled
[   12.853024] raid6: using ssse3x2 recovery algorithm
[   12.855633] xor: automatically using best checksumming function:
[   12.920625]    avx       : 42475.000 MB/sec
[   12.943106] async_tx: api initialized (async)
[   12.954327] md: raid6 personality registered for level 6
[   12.960722] md: raid5 personality registered for level 5
[   12.961711] md: raid4 personality registered for level 4
[   12.969462] md: raid10 personality registered for level 10
done.
Begin: Running /scripts/init-p[   13.050443] Btrfs loaded
remount ... done.
Begin: Mounting root file system ... Begin: Running /scripts/local-top ... done.
Begin: Running /scripts/local-premount ... Scanning for Btrfs filesystems
done.
Warning: fsck not present, so skipping root file system
[   13.185546] EXT4-fs (sda1): mounted filesystem with ordered data mode. Opts: (null)
done.
Begin: Running /scripts/local-bottom ... done.
Begin: Running /scripts/init-bottom ... done.
[   13.903790] random: nonblocking pool is initialized
[   13.968243] systemd[1]: systemd 229 running in system mode. (+PAM +AUDIT +SELINUX +IMA +APPARMOR +SMACK +SYSVINIT +UTMP +LIBCRYPTSETUP +GCRYPT +GNUTLS +ACL +XZ -LZ4 +SECCOMP +BLKID +ELFUTILS +KMOD -IDN)
[   13.982583] systemd[1]: Detected virtualization oracle.
[   14.021562] systemd[1]: Detected architecture x86-64.

Welcome to [1mUbuntu 16.04.2 LTS[0m!

[   14.073261] systemd[1]: Set hostname to <ubuntu>.
[   14.110615] systemd[1]: Initializing machine ID from random generator.
[   14.121047] systemd[1]: Installed transient /etc/machine-id file.
[   14.809859] systemd[1]: Listening on LVM2 poll daemon socket.
[[0;32m  OK  [0m] Listening on LVM2 poll daemon socket.
[   14.822815] systemd[1]: Listening on udev Control Socket.
[[0;32m  OK  [0m] Listening on udev Control Socket.
[   14.824939] systemd[1]: Listening on Journal Audit Socket.
[[0;32m  OK  [0m] Listening on Journal Audit Socket.
[   14.827926] systemd[1]: Reached target Encrypted Volumes.
[[0;32m  OK  [0m] Reached target Encrypted Volumes.
[   14.830373] systemd[1]: Created slice System Slice.
[[0;32m  OK  [0m] Created slice System Slice.
[   14.842393] systemd[1]: Reached target Swap.
[[0;32m  OK  [0m] Reached target Swap.
[   14.850953] systemd[1]: Listening on Journal Socket.
[[0;32m  OK  [0m] Listening on Journal Socket.
[   148866430] systemd[1]: Mounting Debug File System...
         Mounting Debug File System...
[   14.931894] systemd[1]: Mounting Huge Pages File System...
         Mounting Huge Pages File System...
[   14.934756] systemd[1]: Starting Set console keymap...
         Starting Set console keymap...
[   14.952557] systemd[1]: Created slice User and Session Slice.
[[0;32m  OK  [0m] Created slice User and Session Slice.
[   14.956588] systemd[1]: Mounting POSIX Message Queue File System...
         Mounting POSIX Message Queue File System...
[   15.214575] systemd[1]: Starting Load Kernel Modules...
         Starting Load Kernel Modules...
[   15.243008] systemd[1]: Starting Nameserver information manager...
         Starting Nameserver information manager...
[   15.261559] systemd[1]: Reached target User and Group Name Lookups.
[[0;32m  OK  [0m] Reached target User and Group Name Lookups.
[   15.279933] systemd[1]: Starting Create list of required static device nodes for the current kernel...
         Startin[   15.317367] Loading iSCSI transport class v2.0-870.
g Create list of required st... nodes for the current kernel...
[   15.334765] systemd[1]: Set up automount Arbitrary Executable File Formats File System Automount Point.
[[0;32m  OK  [0m] Set up automount Arbitrary Executab...ats File System Automount Point.
[   15.365865] systemd[1]: Started Trigger resolvconf update for networkd DNS.
[   15.370513] iscsi: registered transport (tcp)
[[0;32m  OK  [0m] Started Trigger resolvconf update for networkd DNS.
[   15.378844] systemd[1]: Listening on udev Kernel Socket.
[[0;32m  OK  [0m] Listening on udev Kernel Socket.
[   15.418411] systemd[1]: Starting Uncomplicated firewall...
         [   15.434914] iscsi: registered transport (iser)
Starting Uncomplicated firewall...
[   15.441742] systemd[1]: Starting Remount Root and Kerne  File Systems...
         Starting Remount Root a[   15.891838] EXT4-fs (sda1): re-mounted. Opts: (null)
nd Kernel File Systems...
[   15.894305] systemd[1]: Created slice system-serial\x2dgetty.slice.
[[0;32m  OK  [0m] Created slice system-serial\x2dgetty.slice.
[   15.951701] systemd[1]: Listening on Device-mapper event daemon FIFOs.
[[0;32m  OK  [0m] Listening on Device-mapper event daemon FIFOs.
[   15.954534] systemd[1]: Listening on /dev/initctl Compatibility Named Pipe.
[[0;32m  OK  [0m] Listening on /dev/initctl Compatibility Named Pipe.
[   15.956947] systemd[1]: Started Forward Password Requests to Wall Directory Watch.
[[0;32m  OK  [0m] Started Forward Password Requests to Wall Directory Watch.
[   15.959733] systemd[1]: Reached target Slices.
[[0;32m  OK  [0m] Reached target Slices.
[   15.961487] systemd[1]: Listening on Syslog Socket.
[[0;32m  OK  [0m] Listening on Syslog Socket.
[   16.022298] systemd[1]: Listening on Journal Socket (/dev/log).
[[0;32m  OK  [0m] Listening on Journal Socket (/dev/log).
[   16.038546] systemd[1]: Starting Journal Service...
         Starting Journal Service...
[   16.128531] systemd[1]: Listening on LVM2 metadata daemon socket.
[[0;32m  OK  [0m] Listening on LVM2 metadata daemon socket.
[   16.132403] systemd[1]: Starting Monitoring of LVM2 mirrors, snapshots etc. using dmeventd or progress polling...
         Starting Monitoring of LVM2 mirrors... dmeventd or progress polling...
[   16.145052] systemd[1]: Mounted Debug File System.
[[0;32m  OK  [0m] Mounted Debug File System.
[   16.215591] systemd[1]: Mounted Huge Pages File System.
[[0;32m  OK  [0m] Mounted Huge Pages File System.
[   16.219730] systemd[1]: Mounted POSIX Message Queue File System.
[[0;32m  OK  [0m] Mounted POSIX Message Queue File System.
[   16.266576] systemd[1]: Started Journal Service.
[[0;32m  OK  [0m] Started Journal Service.
[[0;32m  OK  [0m] Started Set console keymap.
[[0;32m  OK  [0m] Started Load Kernel Modules.
[[0;32m  OK  [0m] Started Create list of required sta...ce nodes for the current kernel.
[[0;32m  OK  [0m] Started Uncomplicated firewall.
[[0;32m  OK  [0m] Started Remount Root and Kernel File Systems.
[[0;32m  OK  [0m] Started Nameserver information manager.
[[0;32m  OK  [0m] Started LVM2 metadata daemon.
         Starting Initial cloud-init job (pre-networking)...
         Starting udev Coldplug all Devices...
         Starting Load/Save Random Seed...
         Starting Create Static Device Nodes in /dev...
         Mounting FUSE Control File System...
         Starting Apply Kernel Variables...
         Starting Flush Journal to Persistent Storage...
[[0;32m  OK  [0m] Mounted FUSE Control File System.
[[0;32m  OK  [0m] Started Load/Save Random Seed.
[[0;32m  OK  [0m] Started udev Coldplug all Devices.
[   16.697989] systemd-journald[416]: Received request to flush runtime journal from PID 1
[[0;32m  OK  [0m] Started Flush Journal to Persistent Storage.
[[0;32m  OK  [0m] Started Apply Kernel Variables.
[[0;32m  OK  [0m] Started Create Static Device Nodes in /dev.
         Starting udev Kernel Device Manager...
[[0;32m  OK  [0m] Started Monitoring of LVM2 mirrors,...ng dmeventd or progress polling.
[[0;32m  OK  [0m] Started udev Kernel Device Manager.
[[0;32m  OK  [0m] Started Dispatch Password Requests to Console Directory Watch.
[[0;32m  OK  [0m] Reached target Local File Systems (Pre).
[[0;32m  OK  [0m] Reached target Local File Systems.
         Starting Tell Plymouth To Write Out Runtime Data...
         Starting Commit a transient machine-id on disk...
         Starting Create Volatile Files and Directories...
         Starting Set console font and keymap...
         Starting LSB: AppArmor initialization...
[[0;32m  OK  [0m] Started Tell Plymouth To Write Out Runtime Data.
[[0;32m  OK  [0m] Started Commit a transient machine-id on disk.
[[0;32m  OK  [0m] Started Create Volatile Files and Directories.
         Starting Update UTMP about System Boot/Shutdown...
[[0;32m  OK  [0m] Reached target System Time Synchronized.
[[0;32m  OK  [0m] Started Update UTMP about System Boot/Shutdown.
[[0;32m  OK  [0m] Found device /dev/ttyS0.
[[0;32m  OK  [0m] Started Set console font and keymap.
[[0;32m  OK  [0m] Listening on Load/Save RF Kill Switch Status /dev/rfkill Watch.
[[0;32m  OK  [0m] Created slice system-getty.slice.
[[0;32m  OK  [0m] Started LSB: AppArmor initialization.
[   19.972617] cloud-init[440]: Cloud-init v. 0.7.9 running 'init-local' at Sun, 12 Nov 2017 11:54:56 +0000. Up 19.50 seconds.
[[0;32m  OK  [0m] Started Initial cloud-init job (pre-networking).
[[0;32m  OK  [0m] Reached target Network (Pre).
         Starting Raise network interfaces...
[[0;32m  OK  [0m] Started Raise network interfaces.
[[0;32m  OK  [0m] Reached target Network.
         Starting Initial cloud-init job (metadata service crawler)...
[   21.834021] cloud-init[940]: Cloud-init v. 0.7.9 running 'init' at Sun, 12 Nov 2017 11:54:57 +0000. Up 20.75 seconds.
[   21.884242] [cloud-init[0;32m  OK  [0m[940]: ] ci-info: +++++++++++++++++++++++++++++++++++++Net device info++++++++++++++++++++++++++++++++++++++Started Initial cloud-init job (metadata service crawler).

[   21.884628] cloud-init[940]: ci-info: +--------+------+----------------------------+---------------+-------+-------------------+
[   21.900422] [cloud-init[0;32m  OK  [0m[940]: ] ci-info: | Device |  Up  |          Address           |      Mask     | Scope |     Hw-Address    |Reached target System Initialization.

[[0;32m  OK  [0m] Listening on ACPID Listen Socket.
[[0;32m  OK  [0m] Listening on D-Bus System Message Bus Socket.
[[0;32m  OK  [0m] Listening on UUID daemon activation socket.
[   21.900896] cloud-init[940]: ci-info: +--------+------+----------------------------+---------------+-------+-------------------+
[   21.927422]          cloud-initStarting LXD - unix socket.[940]: 
ci-info: |   lo   | True |         127.0.0.1          |   255.0.0.0   |   .   |         .         |
[   21.930679] cloud-init[940]: ci-info: |   lo   | True |          ::1/128           |       .       |  host |         .         |
[   21.933607] [cloud-init[0;32m  OK  [0m[940]: ] ci-info: | enp0s3 | True |         10.0.2.15          | 255.255.255.0 |   .   | 02:fe:ea:33:6c:e6 |Started ACPI Events Check.

[   21.945626] [cloud-init[0;32m  OK  [0m[940]: ] ci-info: | enp0s3 | True | fe80::fe:eaff:fe33:6ce6/64 |       .       |  link | 02:fe:ea:33:6c:e6 |Reached target Paths.

[[0;32m  OK  [0m] Started Daily apt activities.
[[0;32m  OK  [0m] Started Daily Cleanup of Temporary Directories.
[   21.946041] cloud-init[940]: ci-info: +--------+------+----------------------------+---------------+-------+-------------------+
[   21.975587]          cloud-initStarting Socket activation for snappy daemon.[940]: 
ci-info: +++++++++++++++++++++++++++Route IPv4 info++++++++++++++++++++++++++++
[   21.978809] [cloud-init[0;32m  OK  [0m[940]: ] ci-info: +-------+-------------+----------+---------------+-----------+-------+Started Timer to automatically refresh installed snaps.

[   21.979241] [cloud-init[0;32m  OK  [0m[940]: ] ci-info: | Route | Destination | Gateway  |    Genmask    | Interface | Flags |Reached target Timers.

[[0;32m  OK  [0m] Reached target Cloud-config availability.
[[0;32m  OK  [0m] Reached target Network is Online.
[   21.982709] cloud-init[940]: ci-info: +-------+-------------+----------+---------------+-----------+-------+
[   21.989239] cloud-init[940]: ci-info: |   0   |   0.0.0.0   | 10.0.2.2 |    0.0.0.0    |   enp0s3  |   UG  |
[   21.993259] cloud-init[940]: ci-info: |   1   |   10.0.2.0  | 0.0.0.0  | 255.255.255.0 |   enp0s3  |   U   |
[   22.000659]          cloud-initStarting iSCSI initiator daemon (iscsid)...[940]: 
ci-info: +-------+-------------+----------+---------------+-----------+-------+
[   22.003694] cloud-init[940]: Generating public/private rsa key pair.
[[0;32m  OK  [0m] Listening on LXD - unix socket.
[[0;32m  OK  [0m] Listening on Socket activation for snappy daemon.
[   22.005477] cloud-init[940]: Your identification has been saved in /etc/ssh/ssh_host_rsa_key.
[   22.080857] cloud-init[940]: Your public key has been saved in /etc/ssh/ssh_host_rsa_key.pub.
[   22.093752] cloud-init[940]: The key fingerprint is:
[   22.096738] cloud-init[940]: SHA256:semABVWNZQcWT5Z/9PgUGw4217TzNSV5EByw2SX59VU root@ubuntu-xenial
[   22.176563] cloud-init[940]: The key's randomart image is:
[   22.202508] cloud-init[940]: +---[RSA 2048]----+
[   22.212771] cloud-init[940]: |    .....+*o=+*BE|
[[0;32m  OK  [0m] Reached target Sockets.
[   22.219947] cloud-init[940]: |     .  .o.=.B+BO|
[   22.223119] cloud-init[940]: |      . .   =.*OX|
[   22.225205] cloud-init[940]: |     o   +    oo@|
[   22.228769] cloud-init[940]: |    . . S      +.|
[[0;32m  OK  [0m] Reached target Basic System.
[   22.235836] cloud-init[940]: |       o        .|
[   22.260449] cloud-init[940]: |        .        |
[   22.260725] cloud-init[940]: |                 |
         Starting Apply the settings specified in cloud-config...
[   22.260865] cloud-init[940]: |                 |
         Starting System Logging Service...
[   22.276941] cloud-init[940]: +----[SHA256]-----+
[   22.332199] cloud-init[940]: Generating public/private dsa key pair.
[   22.336862] cloud-init[940]: Your identification has been saved in /etc/ssh/ssh_host_dsa_key.
[   22.338243] cloud-init[940]: Your public key has been saved in /etc/ssh/ssh_host_dsa_key.pub.
[   22.383015] cloud-init[940]: The key fingerprint is:
[   22.383249] cloud-init[940]: SHA256:ky3bynjWxN25cEb5WfNDGF7TuONUGJLZap8om2L1vo4 root@ubuntu-xenial
         Starting /etc/rc.local Compatibility...
[   22.383384] cloud-init[940]: The key's randomart image is:
[   22.422158] cloud-init[940]: +---[DSA 1024]----+
[   22.422475] cloud-init[940]: |            .+.+.|
[[0;32m  OK  [0m] Started ACPI event daemon.
[[   22.423054] cloud-init[940]: |            oo+oo|
[   22.449843] cloud-init[940]: |            ..++.|
[   22.449928] cloud-init[940]: |         o  oo*o.|
[   22.450065] cloud-init[940]: |        S..o B.==|
[0;32m  OK  [0m] Started Unattended Upgrades Shutdown.
[   22.450433] cloud-init[940]: |         == + Ooo|
[   22.510787] cloud-init[940]: |        .+.= + ..|
[   22.511011] cloud-init[940]: |       o=.+.. .  |
[[0;32m  OK  [0m] Started FUSE filesystem for LXC.
[   22.511143] cloud-init[940]: |      .+o.Eo+.   |
[   22.549603] cloud-init[940]: +----[SHA256]-----+
[   22.552414] cloud-init[940]: Generating public/private ecdsa key pair.
[   22.555037] cloud-init[940]: Your identification has been saved in /etc/ssh/ssh_host_ecdsa_key.
[   22.556436] cloud-init[940]: Your public key has been saved in /etc/ssh/ssh_host_ecdsa_key.pub.
[   22.561172] cloud-init[940]: The key fingerprint is:
[   22.563451] cloud-init[940]: SHA256:7OujPdfjcUiAsUSxWLcnEBd6BSwpXiVS/yagqvGmpi0 root@ubuntu-xenial
[   22.570597] cloud-init[940]: The key's randomart image is:
[   22.570791] cloud-init[940]: +---[ECDSA 256]---+
         Starting Login Service...
[   22.570914] cloud-init[940]: |      .o@**o.    |
[   22.664285] cloud-init[940]: |      .=+%.o     |
[   22.664547] cloud-init[940]: |     ..o*.* .    |
         Starting LSB: Record successful boot for GRUB...
[   22.664668] cloud-init[940]: |      .o o =     |
[   22.708366] cloud-init[940]: |      . S . +    |
[   22.708692] cloud-init[940]: |     . .   + .   |
         Starting Accounts Service...
[   22.708769] cloud-init[940]: |  . .   .  .o .  |
[   22.728338] cloud-init[940]: |E..+.  .o.. oo   |
[   22.735390] cloud-init[940]: |.++o. .o++ ...   |
[   22.746031] cloud-init[940]: +----[SHA256]-----+
[   22.748260] cloud-init[940]: Generating public/private ed25519 key pair.
[   22.748609] cloud-init[940]: Your identification has been saved in /etc/ssh/ssh_host_ed25519_key.
         Starting Pollinate to seed the pseudo random number generator...
[   22.748758] cloud-init[940]: Your public key has been saved in /etc/ssh/ssh_host_ed25519_key.pub.
[   22.760124] cloud-init[940]: The key fingerprint is:
[   22.760343] cloud-init[940]: SHA256:eE5Rgc8wNxMy0fYUG8iY75r9Pvq/S6xm2Dy6HCN7h38 root@ubuntu-xenial
[[0;32m  OK  [0m] Started D-Bus System Message Bus.
[   22.760477] cloud-init[940]: The key's randomart image is:
[   22.766534] cloud-init[940]: +--[ED25519 256]--+
[   22.767674] cloud-init[940]: |        +B++o.   |
[   22.768790] cloud-init[940]: |        *+O .o   |
[   22.769894] cloud-init[940]: |        .O =.    |
[   22.772221] cloud-init[940]: |       . .+ .    |
[   22.773407] cloud-init[940]: |      . S.       |
[   22.774515] cloud-init[940]: |       +  .  .   |
[   22.775606] cloud-init[940]: |        o+o=  o  |
[   22.784079] cloud-init[940]: |        o+=oOoE  |
[   22.785247] cloud-init[940]: |        ..=%*=+o |
[   22.786431] cloud-init[940]: +----[SHA256]-----+
[   22.850061] cloud-init[1039]: Generating locales (this might take a while)...
[[0;32m  OK  [0m] Started Snappy daemon.
         Starting Auto import assertions from block devices...
         Starting LSB: MD monitoring daemon...
[[0;32m  OK  [0m] Started Regular background program processing daemon.
[[0;32m  OK  [0m] Started Deferred execution scheduler.
         Starting LXD - container startup/shutdown...
[[0;32m  OK  [0m] Started System Logging Service.
[[0;32m  OK  [0m] Started iSCSI initiator daemon (iscsid).
[[0;32m  OK  [0m] Started /etc/rc.local Compatibility.
[[0;32m  OK  [0m] Started Auto import assertions from block devices.
         Starting Login to default iSCSI targets...
[[0;32m  OK  [0m] Started Login Service.
         Starting Authenticate and Authorize Users to Run Privileged Tasks...
[[0;32m  OK  [0m] Started LSB: Record successful boot for GRUB.
[[0;32m  OK  [0m] Started LSB: MD monitoring daemon.
[[0;32m  OK  [0m] Started Login to default iSCSI targets.
[[0;32m  OK  [0m] Reached target Remote File Systems (Pre).
[[0;32m  OK  [0m] Reached target Remote File Systems.
         Starting Permit User Sessions...
         Starting LSB: automatic crash report generation...
         Starting LSB: VirtualBox Linux Additions...
         Starting LSB: Set the CPU Frequency Scaling governor to "ondemand"...
         Starting LSB: daemon to balance interrupts for SMP systems...
[[0;32m  OK  [0m] Started Permit User Sessions.
         Starting Terminate Plymouth Boot Screen...
         Starting Hold until boot process finishes up...
[[0;32m  OK  [0m] Started LSB: Set the CPU Frequency Scaling governor to "ondemand".
[[0;32m  OK  [0m] Started Terminate Plymouth Boot Screen.
[[0;32m  OK  [0m] Started Hold until boot process finishes up.
[[0;32m  OK  [0m] Started Authenticate and Authorize Users to Run Privileged Tasks.
[[0;32m  OK  [0m] Started Accounts Service.
[[0;32m  OK  [0m] Started Serial Getty on ttyS0.
[[0;32m  OK  [0m] Started Getty on tty1.
[[0;32m  OK  [0m] Reached target Login Prompts.
         Starting Set console scheme...
[[0;32m  OK  [0m] Started Set console scheme.
[[0;32m  OK  [0m] Started LSB: automatic crash report generation.
[[0;32m  OK  [0m] Started LSB: daemon to balance interrupts for SMP systems.
[   25.014559] cloud-init[1039]:   en_US.UTF-8... done
[   25.018201] cloud-init[1039]: Generation complete.
[[0;32m  OK  [0m] Started LSB: VirtualBox Linux Additions.
[[0;32m  OK  [0m] Started Pollinate to seed the pseudo random number generator.
         Starting OpenBSD Secure Shell server...
[[0;32m  OK  [0m] Started OpenBSD Secure Shell server.
[[0;32m  OK  [0m] Started LXD - container startup/shutdown.
[[0;32m  OK  [0m] Reached target Multi-User System.
[[0;32m  OK  [0m] Reached target Graphical Interface.
         Starting Update UTMP about System Runlevel Changes...
[[0;32m  OK  [0m] Started Update UTMP about System Runlevel Changes.
         Stopping OpenBSD Secure Shell server...
[[0;32m  OK  [0m] Stopped OpenBSD Secure Shell server.
         Starting OpenBSD Secure Shell server...
[[0;32m  OK  [0m] Started OpenBSD Secure Shell server.
[[0;32m  OK  [0m] Created slice User Slice of ubuntu.
         Starting User Manager for UID 1000...
[[0;32m  OK  [0m] Started Session 1 of user ubuntu.
[[0;32m  OK  [0m] Started User Manager for UID 1000.
[   28.675225] cloud-init[1039]: Cloud-init v. 0.7.9 running 'modules:config' at Sun, 12 Nov 2017 11:54:59 +0000. Up 22.56 seconds.
[[0;32m  OK  [0m] Started Apply the settings specified in cloud-config.
         Starting Execute cloud user/final scripts...
ci-info: no authorized ssh keys fingerprints found for user ubuntu.
<14>Nov 12 11:55:05 ec2: 
<14>Nov 12 11:55:05 ec2: #############################################################
<14>Nov 12 11:55:05 ec2: -----BEGIN SSH HOST KEY FINGERPRINTS-----
<14>Nov 12 11:55:05 ec2: 1024 SHA256:ky3bynjWxN25cEb5WfNDGF7TuONUGJLZap8om2L1vo4 root@ubuntu-xenial (DSA)
<14>Nov 12 11:55:05 ec2: 256 SHA256:7OujPdfjcUiAsUSxWLcnEBd6BSwpXiVS/yagqvGmpi0 root@ubuntu-xenial (ECDSA)
<14>Nov 12 11:55:05 ec2: 256 SHA256:eE5Rgc8wNxMy0fYUG8iY75r9Pvq/S6xm2Dy6HCN7h38 root@ubuntu-xenial (ED25519)
<14>Nov 12 11:55:05 ec2: 2048 SHA256:semABVWNZQcWT5Z/9PgUGw4217TzNSV5EByw2SX59VU root@ubuntu-xenial (RSA)
<14>Nov 12 11:55:05 ec2: -----END SSH HOST KEY FINGERPRINTS-----
<14>Nov 12 11:55:05 ec2: #############################################################
-----BEGIN SSH HOST KEY KEYS-----
ecdsa-sha2-nistp256 AAAAE2VjZHNhLXNoYTItbmlzdHAyNTYAAAAIbmlzdHAyNTYAAABBBBsmKvdszz0j7ax/H2gAVoFxeXEIbKRyleyqW+SbLNnGmAFzEVlaBBFAJAXo74zuhMosYI8X7pmHLFjzmzjpbZE= root@ubuntu-xenial
ssh-ed25519 AAAAC3NzaC1lZDI1NTE5AAAAIA3UZLDD0CP7UstXc7v+Ww9GtrB/oVuere+TpqcGvp90 root@ubuntu-xenial
ssh-rsa AAAAB3NzaC1yc2EAAAADAQABAAABAQCw1ahFOQlmc5oKugqog4gCg7lc9a+2/Z6vF6XGyYYllAMk/SmkyMQBixCKWY06I3MOY6NBT0bpmmd0Y0BnAROVnVfBOR5ctA9/OCTYEZbWiaBXYhjNYB2lMmLu+txmgoj1lrMM8E8qkmDn2c1bUaED+SVVXTUxPl+XoshZKOc4bncxbDcIc2wcJIwrtkyrppiPvHYvSvHIRL4/pnxJN9z/nq3sX9zaTrJ8dkSjiItR4J1fpYu1FCoQTedvnI40wlUJ9SOBa1362S3HUPlUP8lr/QSE/m/B2pP2fQZAtz1NBL881wmQygZrDrSGbTH2xThANejsLnwTmCDlC1/x7Qwn root@ubuntu-xenial
-----END SSH HOST KEY KEYS-----
[   29.617257] cloud-init[1396]: Cloud-init v. 0.7.9 running 'modules:final' at Sun, 12 Nov 2017 11:55:05 +0000. Up 29.13 seconds.
[   29.648087] cloud-init[1396]: ci-info: no authorized ssh keys fingerprints found for user ubuntu.
[   29.712770] cloud-init[1396]: Cloud-init v. 0.7.9 finished at Sun, 12 Nov 2017 11:55:06 +0000. Datasource DataSourceNoCloud [seed=/dev/sdb][dsmode=net].  Up 29.61 seconds

Ubuntu 16.04.2 LTS ubuntu-xenial ttyS0

ubuntu-xenial login: 