[    0.000000] Initializing cgroup subsys cpuset
[    0.000000] Initializing cgroup subsys cpu
[    0.000000] Initializig roup sbs cuacct
[    .00000] Linux version 4.4.0-83-generic (buildd@lgw01-29) (gcc vsin 5.4.0 20160609 (Ubuntu 5.4.0-6ubuntu1~16.04.4) ) #106-Ubuntu SMP Mon Jun 26 17:54:43 UTC 2017 (Ubuntu 4.4.0-83.106-generic 4.4.70)
[    0.00000Command line: BOOT_IMAGE=/boot/vmlinuz-4.4.0-83-generic root=LABEL=cloudimg-rootfs ro console=tty1 console=ttyS0
[    0.000000] KERNEL supported cpus:
[    0.000000]  ntl nuneIntel
[   00000] AM AuthentcA
[    000000]   enauCentaurau
[    0.000000] x86/fpu: xstate_offset[2]:  576, xstate_sizes[2]:  256
[    0.000000] x86/fpu: Supporting XSAVE feature 0x01: 'x87 floating point registers'
[    0.000000] x86/fpu: Supporting XSAVE feature 0x02: 'SSE registers'
[    0.000000] x86/fpu: Supporting XSAVE feature 0x04: 'AVX registers'
[    0.000000] x86/fpu: Enabled xstate features 0x7, context size is 832 bytes, using 'standard' format.
[    0.000000] x86/fpu: Using 'lazy' FPU contextswtches
  0.000000] e820: BIOS-provided physical RAM map:
[    0.00000]IOS-82 [mem 0x0000000000-0x00000000009fbf] sable
[    0.000000] BIOS-e820: [mem 0x000000000009fc00-0x000000000009ffff] reserved
[    0.000000] BIOS-e820: [mem 0x00000000000f0000-0x00000000000fffff] reserved
[    0.000000] BIOS-e820: [mem 0x0000000000100000-0x000000003ffeffff] usable
[    0.000000] BIOS-e820: [mem 0x000000003fff0000-0x000000003fffffff] ACPI data
[    0.000000] BIOS-e820: [mem 0x00000000fffc0000-0x00000000ffffffff] reserved
[    0.000000] NX (Execute Disable) protection: active
[    0.000000] SMBIOS 2.5 present.
[    0.000000] Hypervisor detected: KVM
[    0.000000] e820: last_pfn = 0x3fff0 max_arch_pfn = 0x400000000
[    0.000000] MTRR: Disabled
[    0.000000] x86/PAT: MTRRs disabled, skipping PAT initialization too.
[    0.000000] x86/PAT: Configuration [0-7]: WB  WT  UC- UC  WB  WT  UC- UC  
[    0.000000] CPU MTRRs all blank - virtualized system.
[    0.000000] found SMP MP-table at [mem 0x0009fff0-0x0009ffff] mapped at [ffff88000009fff0]
[    0.000000] Scanning 1 areas for low memory corruption
[    0.000000] RAMDISK: [mem 0x36acc000-0x3755dfff]
[    0.000000] ACPI: Early table checksum verification disabled
[    0.000000] ACPI: RSDP 0x00000000000E0000 000024 (v02 VBOX  )
[    0.000000] ACPI: XSDT 0x000000003FFF0030 00003C (v01 VBOX   VBOXXSDT 00000001 ASL  00000061)
[    0.000000] ACPI: FACP 0x000000003FFF00F0 0000F4 (v04 VBOX   VBOXFACP 00000001 ASL  00000061)
[    0.000000] ACPI: DSDT 0x000000003FFF0470 002118 (v01 VBOX   VBOXBIOS 00000002 INTL 20160108)
[    0.000000] ACPI: FACS 0x000000003FFF0200 000040
[    0.000000] ACPI: FACS 0x000000003FFF0200 000040
[    0.000000] ACPI: APIC 0x000000003FFF0240 00005C (v02 VBOX   VBOXAPIC 00000001 ASL  00000061)
[    0.000000] ACPI: SSDT 0x000000003FFF02A0 0001CC (v01 VBOX   VBOXCPUT 00000002 INTL 20160108)
[    0.000000] No NUMA configuration found
[    0.000000] Faking a node at [mem 0x0000000000000000-0x000000003ffeffff]
[    0.000000] NODE_DATA(0) allocated [mem 0x3ffeb000-0x3ffeffff]
[    0.000000] kvm-clock: Using msrs 4b564d01 and 4b564d00
[    0.000000] kvm-clock: cpu 0, msr 0:3ffe3001, primary pulock
[    0.000000] kvm-clock: using sched offset of 3235909715 cycles
[    0.000000] clocksource: kvm-clock: mask: 0xffffffffffffffff max_cycles: 0x1cd42e4dffb, max_idle_ns: 881590591483 ns
[    0.000000] Zone ranges:
[    0.000000]   DMA      [mem 0x0000000000001000-0x0000000000ffffff]
[    0.000000]   DMA32    [mem 0x0000000001000000-0x000000003ffeffff]
[    0.000000]   Normal   empty
[    0.000000]   Device   empty
[    0.000000] Movable zone start for each node
[    0.000000] Early memory node ranges
[    0.000000]   node   0: [mem 0x0000000000001000-0x000000000009efff]
[    0.000000]   node   0: [mem 0x0000000000100000-0x000000003ffeffff]
[    0.000000] Initmem setup node 0 [mem 0x0000000000001000-0x000000003ffeffff]
[    0.000000] ACPI: PM-Timer IO Port: 0x4008
[    0.000000] IOAPIC[0]: apic_id 2, version 17, address 0xfec00000, GSI 0-23
[    0.000000] ACPI: INT_SRC_OVR (bus 0 bus_irq 0 global_irq 2 dfl dfl)
[    0.000000] ACPI: INT_SRC_OVR (bus 0 bus_irq 9 global_irq 9 high level)
[    0.000000] Using ACPI (MADT) for SMP configuration information
[    0.000000] smpboot: Allowing 2 CPUs, 0 hotplug CPUs
[    0.000000] PM: Registered nosave memory: [mem 0x00000000-0x00000fff]
[    0.000000] PM: Registered nosave memory: [mem 0x0009f000-0x0009ffff]
[    0.000000] PM: Registered nosave memory: [mem 0x000a0000-0x000effff]
[    0.000000] PM: Registered nosave memory: [mem 0x000f0000-0x000fffff]
[    0.000000] e820: [mem 0x40000000-0xfffbffff] available for PCI devices
[    0.000000] Booting paravirtualized kernel on KVM
[    0.000000] clocksource rined-jiffies: mask: 0xffffffff max_cycles: 0xffffffff, max_idle_ns: 7645519600211568 ns
[    0.000000] setup_percpu: NR_CPUS:512 nr_cpumask_bits:512 nr_cpu_ids:2 nr_node_ids:1
[    0.000000] PERCPU: Embedded 33 pages/cpu @ffff88003fc00000 s98264 r8192 d28712 u1048576
[    0.000000] PV qspinlock hash table entries: 256 (order: 0, 4096 bytes)
[    0.000000] Built 1 zonelists in Node order, mobility grouping on.  Total pages: 257913
[    0.000000] Policy zone: DMA32
[    0.000000] Kernel command line: BOOT_IMAGE=/boot/vmlinuz-4.4.0-83-generic root=LABEL=cloudimg-rootfs ro console=tty1 console=ttyS0
[    0.000000] PID hash table entries: 4096 (order: 3, 32768 bytes)
[    0.000000] Memory: 1001752K/1048120K available (8469K kernel code, 1294K rwdata, 3984K rodata, 1488K init, 1316K bss, 46368K reserved, 0K cma-reserved)
[    0.000000] SLUB: HWalign=64, Order=0-3, MinObjects=0, CPUs=2, Nodes=1
[    0.000000] Hierarchical RCU implementation.
[    0.000000] 	Build-time adjustment of leaf fanout to 64.
[    0.000000] 	RCU restricting CPUs from NR_CPUS=512 to nr_cpu_ids=2.
[    0.000000] RCU: Adjusting geometry for rcu_fanout_leaf=64, nr_cpu_ids=2
[    0.000000] NR_IRQS:33024 nr_irqs:440 16
[    0.000000] Console: colour VGA+ 80x25
[    0.000000] console [tty1] enabled
[    0.000000] console [ttyS0] enabled
[    0.000000] tsc: Detected 2194.918 MHz processor
[    1.802612] Calibrating delay loop (skipped) preset value.. 4389.83 BogoMIPS (lpj=8779672)
[    1.804260] pid_max: default: 32768 minimum: 301
[    1.805141] ACPI: Core revision 20150930
[    1.806908] ACPI: 2 ACPI AML tables successfully acquired and loaded
[    1.808161] Security Framework initialized
[    1.808993] Yama: becoming mindful.
[    1.809787] AppArmor: AppArmor initialized
[    1.810716] Dentry cache hash table entries: 131072 (order: 8, 1048576 bytes)
[    1.817533] Inode-cache hash table entries: 65536 (order: 7, 524288 bytes)
[    1.819448] Mount-cache hash table entries: 2048 (order: 2, 16384 bytes)
[    1.853855] Mountpoint-cache hash table entries: 2048 (order: 2, 16384 bytes)
[    1.860626] Initializing cgroup subsys io
[    1.861422] Initializing cgroup subsys memory
[    1.862246] Initializing cgroup subsys devices
[    1.863098] Initializing cgroup subsys freezer
[    1.874285] Initializing cgroup subsys net_cls
[    1.875132] Initializing cgroup subsys perf_event
[    1.875991] Initializing cgroup subsys net_prio
[    1.876830] Initializing cgroup subsys hugetlb
[    1.877666] Initializing cgroup subsys pids
[    1.878566] CPU: Physical Processor ID: 0
[    1.879376] CPU: Processor Core ID: 0
[    1.881109] mce: CPU supports 0 MCE banks
[    1.899583] Last level iTLB entries: 4KB 64, 2MB 8, 4MB 8
[    1.959846] Last level dTLB entries: 4KB 64, 2MB 0, 4MB 0, 1GB 4
[    1.963153] Freeing SMP alternatives memory: 32K (ffffffff820b9000 - ffffffff820c1000)
[    1.975421] ftrace: allocating 32129 entries in 126 pages
[    2.021606] smpboot: APIC(0) Converting physical 0 to logical package 0
[    2.028115] smpboot: Max logical packages: 1
[    2.030364] ..TIMER: vector=0x30 apic1=0 pin1=2 apic2=-1 pin2=-1
[    2.149789] smpboot: CPU0: Intel(R) Core(TM) i5-5200U CPU @ 2.20GHz (family: 0x6, model: 0x3d, stepping: 0x4)
[    2.229720] Performance Events: unsupported p6 CPU model 61 no PMU driver, software events only.
[    2.275130] KVM setup paravirtual spinlock
[    2.276848] x86: Booting SMP configuration:
[    2.279939] .... node  #0, CPUs:      #1
[    2.280933] kvm-clock: cpu 1, msr 0:3ffe3041, secondary cpu clock
[    2.283263] mce: CPU supports 0 MCE banks
[    2.300264] x86: Booted up 1 node, 2 CPUs
[    2.301411] smpboot: Total of 2 processors activated (8779.67 BogoMIPS)
[    2.303147] devtmpfs: initialized
[    2.314164] evm: security.selinux
[    2.317031] evm: security.SMACK64
[    2.317782] evm: security.SMACK64EXEC
[    2.318610] evm: security.SMACK64TRANSMUTE
[    2.319515] evm: security.SMACK64MMAP
[    2.320277] evm: security.ima
[    2.320939] evm: security.capability
[    2.321959] clocksource: jiffies: mask: 0xffffffff max_cycles: 0xffffffff, max_idle_ns: 7645041785100000 ns
[    2.323754] futex hash table entries: 512 (order: 3, 32768 bytes)
[    2.330418] pinctrl core: initialized pinctrl subsystem
[    2.333476] RTC time: 15:47:09, date: 11/14/17
[    2.340555] NET: Registered protocol family 16
[    2.354718] cpuidle: using governor ladder
[    2.369977] cpuidle: using governor menu
[    2.418131] PCCT header not found.
[    2.419097] ACPI: bus type PCI registered
[    2.454342] acpiphp: ACPI Hot Plug PCI Controller Driver version: 0.5
[    2.455569] PCI: Using configuration type 1 for base access
[    2.467291] ACPI: Added _OSI(Module Device)
[    2.482538] ACPI: Added _OSI(Processor Device)
[    2.483489] ACPI: Added _OSI(3.0 _SCP Extensions)
[    2.484447] ACPI: Added _OSI(Processor Aggregator Device)
[    2.486214] ACPI: Executed 1 blocks of module-level executable AML code
[    2.489568] ACPI: Interpreter enabled
[    2.493802] ACPI: (supports S0 S5)
[    2.494580] ACPI: Using IOAPIC for interrupt routing
[    2.502234] PCI: Using host bridge windows from ACPI; if necessary, use "pci=nocrs" and report a bug
[    2.532926] ACPI: PCI Root Bridge [PCI0] (domain 0000 [bus 00-ff])
[    2.599244] acpi PNP0A03:00: _OSC: OS supports [ASPM ClockPM Segments MSI]
[    2.609281] acpi PNP0A03:00: _OSC failed (AE_NOT_FOUND); disabling ASPM
[    2.610391] acpi PNP0A03:00: fail to add MMCONFIG information, can't access extended PCI configuration space under this bridge.
[    2.626774] PCI host bridge to bus 0000:00
[    2.670021] pci_bus 0000:00: root bus resource [io  0x0000-0x0cf7 window]
[    2.682811] pci_bus 0000:00: root bus resource [io  0x0d00-0xffff window]
[    2.683944] pci_bus 0000:00: root bus resource [mem 0x000a0000-0x000bffff window]
[    2.685376] pci_bus 0000:00: root bus resource [mem 0x40000000-0xffdfffff window]
[    2.686804] pci_bus 0000:00: root bus resource [bus 00-ff]
[    2.689214] pci 0000:00:01.1: legacy IDE quirk: reg 0x10: [io  0x01f0-0x01f7]
[    2.732948] pci 0000:00:01.1: legacy IDE quirk: reg 0x14: [io  0x03f6]
[    2.734036] pci 0000:00:01.1: legacy IDE quirk: reg 0x18: [io  0x0170-0x0177]
[    2.735197] pci 0000:00:01.1: legacy IDE quirk: reg 0x1c: [io  0x0376]
[    2.767318] ACPI: PCI Interrupt Link [LNKA] (IRQs 5 9 10 11) *0, disabled.
[    2.804798] ACPI: PCI Interrupt Link [LNKB] (IRQs 5 9 10 *11)
[    2.807368] ACPI: PCI Interrupt Link [LNKC] (IRQs 5 9 *10 11)
[    2.808808] ACPI: PCI Interrupt Link [LNKD] (IRQs 5 *9 10 11)
[    2.810298] ACPI: Enabled 2 GPEs in block 00 to 07
[    2.811635] vgaarb: setting as boot device: PCI:0000:00:02.0
[    2.812626] vgaarb: device added: PCI:0000:00:02.0,decodes=io+mem,owns=io+mem,locks=none
[    2.843140] vgaarb: loaded
[    2.890243] vgaarb: bridge control possible 0000:00:02.0
[    2.899642] SCSI subsystem initialized
[    2.941538] ACPI: bus type USB registered
[    2.942353] usbcore: registered new interface driver usbfs
[    2.943332] usbcore: registered new interface driver hub
[    2.945380] usbcore: registered new device driver usb
[    2.953566] PCI: Using ACPI for IRQ routing
[    2.975805] NetLabel: Initializing
[    2.983094] NetLabel:  domain hash size = 128
[    2.983906] NetLabel:  protocols = UNLABELED CIPSOv4
[    2.989179] NetLabel:  unlabeled traffic allowed by default
[    3.011241] amd_nb: Cannot enumerate AMD northbridges
[    3.036284] clocksource: Switched to clocksource kvm-clock
[    3.045549] AppArmor: AppArmor Filesystem Enabled
[    3.110041] pnp: PnP ACPI init
[    3.111419] pnp: PnP ACPI: found 3 devices
[  3256]clksorce: acpi_pm: ma: ffffaxcyes0xffffff, max_idle_ns: 2085701024 ns
[    3.73029]ETRestedproocl mi 2

[    41733] P stliedha tlentes812 order: 4, 65536 bytes)
[    4.781229] TCP bind hash table entries: 8192 (order: 5, 131072 bytes)
[    4.840341]CPHa tle cnfur (taisd 92in8192)
[    5.45410 U hh ab eris: 512 (order: 2, 16384 bytes)
[  5399]DPLi hh bl eris:12orr:, 38 bte)[  622555] NET: Registered protocol family 1
[   6.780171] pci 0000:00:00.0: Limiting direct PCI/PCI transfers
[    6.840769] pci 0000:00:01.0: Activating ISA DMA hang workarounds
[    6.842745] Unpacking initramfs...
[    8.911007] Freeing initrd memory: 10824K (ffff880036acc000 - ffff88003755e000)
[  89123] PLPM dtete, PIunt s ^-2 oues 4fid uner107424 m ovfl timer
[   9.5571] hw unit of domain pp0or2^ Juls
[   10.051846] hw unit of domain package 2^-0 Joules
[   10.057196] hw unit of domain dram 2^-0 Joules
[   10.058022] hw unit of domain pp1-gpu 2^-0 Joules
[   10.058954] platform rtc_cmos: registered platform RTC device (no PNP device found)
[   10.060480] Scanning for low memory corruption every 60 seconds
[   10.061952] audit: initializing netlink subsys (disabled)
[   10.063011] audit: type=2000 audit(1510674439.389:1): initialized
[   10.074906] Initialise system trusted keyring
[   10.081794] HugeTLB registered 2 MB page size, pre-allocated 0 pages
[   10.090936] zbud: loaded
[   10.091866] VFS: Disk quotas dquot_6.6.0
[   10.092758] VFS: Dquot-cache hash table entries: 512 (order 0, 4096 bytes)
[   10.094145] squashfs: version 4.0 (2009/01/31) Phillip Lougher
[   10.095585] fuse init (API version 7.23)
[   10.101806] Key type big_key registered
[   10.102582] Allocating IMA MOK and blacklist keyrings.
[   10.105661] Key type asymmetric registered
[   10.117089] Asymmetric key parser 'x509' registered
[   10.118427] Block layer SCSI generic (bsg) driver version 0.4 loaded (major 249)
[   10.141424] io scheduler noop registered
[   10.147524] io scheduler deadline registered (default)
[   10.148572] io scheduler cfq registered
[   10.149484] pci_hotplug: PCI Hot Plug PCI Core version: 0.5
[   10.150494] pciehp: PCI Express Hot Plug Controller Driver version: 0.4
[   10.151781] ACPI: AC Adapter [AC] (on-line)
[   10.152776] input: Power Button as /devices/LNXSYSTM:00/LNXPWRBN:00/input/input0
[   10.154257] ACPI: Power Button [PWRF]
[   10.155072] input: Sleep Button as /devices/LNXSYSTM:00/LNXSLPBN:00/input/input1
[   10.161890] ACPI: Sleep Button [SLPF]
[   10.163081] GHES: HEST is not enabled!
[   10.165934] ACPI: Battery Slot [BAT0] (battery present)
[   10.226289] Serial: 8250/16550 driver, 32 ports, IRQ sharing enabled
[   10.249094] 00:02: ttyS0 at I/O 0x3f8 (irq = 4, base_baud = 115200) is a 16550A
[   10.337489] Linux agpgart interface v0.103
[   10.4095]oo mdue add
[   10.716336] scsi host0: ata_piix
[   10.759471] scsi host1: ata_piix
[   10.774011] ata1: PATA max UDMA/33 cmd 0x1f0 ctl 0x3f6 bmdma 0xd000 irq 14
[   10.775138] ata2: PATA max UDMA/33 cmd 0x170 ctl 0x376 bmdma 0xd008 irq 15
[   10.776403] libphy: Fixed MDIO Bus: probed
[   10.777238] tun: Universal TUN/TAP device driver, 1.6
[   10.778156] tun: (C) 1999-2004 Max Krasnyansky <maxk@qualcomm.com>
[   10.779248] PPP generic driver version 2.4.2
[   10.788907] ehci_hcd: USB 2.0 'Enhanced' Host Controller (EHCI) Driver
[   10.801506] ehci-pci: EHCI PCI platform driver
[   10.805005] ehci-platform: EHCI generic platform driver
[   10.818333] ohci_hcd: USB 1.1 'Open' Host Controller (OHCI) Driver
[   10.824734] ohci-pci: OHCI PCI platform driver
[   10.825585] ohci-platform: OHCI generic platform driver
[   10.826523] uhci_hcd: USB Universal Host Controller Interface driver
[   10.827671] i8042: PNP: PS/2 Controller [PNP0303:PS2K,PNP0f03:PS2M] at 0x60,0x64 irq 1,12
[   10.855317] serio: i8042 KBD port at 0x60,0x64 irq 1
[   10.918371] serio: i8042 AUX port at 0x60,0x64 irq 12
[   10.954822] mousedev: PS/2 mouse device common for all mice
[   10.957658] input: AT Translated Set 2 keyboard as /devices/platform/i8042/serio0/input/input2
[   10.959880] rtc_cmos rtc_cmos: rtc core: registered rtc_cmos as rtc0
[   10.961908] rtc_cmos rtc_cmos: alarms up to one day, 114 bytes nvram
[   10.969161] i2c /dev entries driver
[   10.969973] device-mapper: uevent: version 1.0.3
[   10.970941] device-mapper: ioctl: 4.34.0-ioctl (2015-10-28) initialised: dm-devel@redhat.com
[   10.972643] ledtrig-cpu: registered to indicate activity on CPUs
[   10.979745] NET: Registered protocol family 10
[   10.981993] NET: Registered protocol family 17
[   10.985234] Key type dns_resolver registered
[   10.986231] microcode: CPU0 sig=0x306d4, pf=0x40, revision=0x0
[   10.987375] microcode: CPU1 sig=0x306d4, pf=0x40, revision=0x0
[   10.997447] microcode: Microcode Update Driver: v2.01 <tigran@aivazian.fsnet.co.uk>, Peter Oruba
[   11.006178] registered taskstats version 1
[   11.006984] Loading compiled-in X.509 certificates
[   11.008612] Loaded X.509 cert 'Build time autogenerated kernel key: 35105354eb779045e4d9ad793dead39d5ee93f76'
[   11.033517] zswap: loaded using pool lzo/zbud
[   11.036094] Key type trusted registered
[   11.051699] Key type encrypted registered
[   11.065562] tsc: Refined TSC clocksource calibration: 2195.055 MHz
[   11.066683] clocksource: tsc: mask: 0xffffffffffffffff max_cycles: 0x1fa3f389f87, max_idle_ns: 440795268677 ns
[   11.068394] AppArmor: AppArmor sha1 policy hashing enabled
[   11.068398] ima: No TPM chip found, activating TPM-bypass!
[   11.068422] evm: HMAC attrs: 0x1
[   11.068669]   Magic number: 9:908:790
[   11.069752] rtc_cmos rtc_cmos: setting system clock to 2017-11-14 15:47:18 UTC (1510674438)
[   11.069834] BIOS EDD facility v0.16 2004-Jun-25, 0 devices found
[   11.069835] EDD information not available.
[   11.079831] Freeing unused kernel memory: 1488K (ffffffff81f45000 - ffffffff820b9000)
[   11.120974] Write protecting the kernel read-only data: 14336k
[   11.122802] Freeing unused kernel memory: 1760K (ffff880001848000 - ffff880001a00000)
[   11.124850] Freeing unused kernel memory: 112K (ffff880001de4000 - ffff880001e00000)
Loading, please wait...
starting version[   11.143382] random: systemd-udevd: uninitialized urandom read (16 bytes read, 3 bits of entropy available)
 229
[   11.144121] random: udevadm: uninitialized urandom read (16 bytes read, 3 bits of entropy available)
[   11.144158] random: udevadm: uninitialized urandom read (16 bytes read, 3 bits of entropy available)
[   11.144271] random: udevadm: uninitialized urandom read (16 bytes read, 3 bits of entropy available)
[   11.144313] random: udevadm: uninitialized urandom read (16 bytes read, 3 bits of entropy available)
[   11.144362] random: udevadm: uninitialized urandom read (16 bytes read, 3 bits of entropy available)
[   11.144504] random: udevadm: uninitialized urandom read (16 bytes read, 3 bits of entropy available)
[   11.144555] random: udevadm: uninitialized urandom read (16 bytes read, 3 bits of entropy available)
[   11.144596] random: udevadm: uninitialized urandom read (16 bytes read, 3 bits of entropy available)
[   11.144633] random: udevadm: uninitialized urandom read (16 bytes read, 3 bits of entropy available)
[   11.677687] e1000: Intel(R) PRO/1000 Network Driver - version 7.3.21-k8-NAPI
[   11.690596] e1000: Copyright (c) 1999-2006 Intel Corporation.
[   11.700759] Fusion MPT base driver 3.04.20
[   11.747344] Copyright (c) 1999-2008 LSI Corporation
[   11.755946] Fusion MPT SPI Host driver 3.04.20
[   11.798157] mptbase: ioc0: Initiating bringup
[   11.837871] AVX version of gcm_enc/dec engaged.
[   11.860345] AES CTR mode by8 optimization enabled
[   11.889777] ioc0: LSI53C1030 A0: Capabilities={Initiator}
[   12.021129] input: ImExPS/2 Generic Explorer Mouse as /devices/platform/i8042/serio1/input/input4
[   12.126304] scsi host2: ioc0: LSI53C1030 A0, FwRev=00000000h, Ports=1, MaxQ=256, IRQ=20
[   12.500094] scsi 2:0:0:0: Direct-Access     VBOX     HARDDISK         1.0  PQ: 0 ANSI: 5
[   12.533907] scsi target2:0:0: Beginning Domain Validation
[   12.536987] scsi target2:0:0: Domain Validation skipping write tests
[   12.539612] scsi target2:0:0: Ending Domain Validation
[   12.540959] scsi target2:0:0: asynchronous
[   12.544447] scsi 2:0:1:0: Direct-Access     VBOX     HARDDISK         1.0  PQ: 0 ANSI: 5
[   12.593531] scsi target2:0:1: Beginning Domain Validation
[   12.597492] scsi target2:0:1: Domain Validation skipping write tests
[   12.600082] scsi target2:0:1: Ending Domain Validation
[   12.601448] scsi target2:0:1: asynchronous
[   12.629506] sd 2:0:0:0: Attached scsi generic sg0 type 0
[   12.643933] sd 2:0:0:0: [sda] 20971520 512-byte logical blocks: (10.7 GB/10.0 GiB)
[   12.646370] sd 2:0:0:0: [sda] Write Protect is off
[   12.649059] sd 2:0:0:0: [sda] Incomplete mode parameter data
[   12.651503] sd 2:0:0:0: [sda] Assuming drive cache: write through
[   12.653144] sd 2:0:1:0: [sdb] 20480 512-byte logical blocks: (10.5 MB/10.0 MiB)
[   12.655344] sd 2:0:1:0: Attached scsi generic sg1 type 0
[   12.656701] sd 2:0:1:0: [sdb] Write Protect is off
[   12.658132] sd 2:0:1:0: [sdb] Incomplete mode parameter data
[   12.677364] sd 2:0:1:0: [sdb] Assuming drive cache: write through
[   12.707107]  sda: sda1
[   12.709783] sd 2:0:0:0: [sda] Attached SCSI disk
[   12.726923] sd 2:0:1:0: [sdb] Attached SCSI disk
[   12.876090] e1000 0000:00:03.0 eth0: (PCI:33MHz:32-bit) 02:fe:ea:33:6c:e6
[   12.882797] e1000 0000:00:03.0 eth0: Intel(R) PRO/1000 Network Connection
[   12.890418] e1000 0000:00:03.0 enp0s3: renamed from eth0
[   14.824440] floppy0: no floppy controllers found
Begin: Loading e[   16.229334] md: linear personality registered for level -1
ssential drivers ... [   16.239900] md: multipath personality registered for level -4
[   16.254298] md: raid0 personality registered for level 0
[   16.265919] md: raid1 personality registered for level 1
[   16.348351] raid6: sse2x1   gen()  7365 MB/s
[   16.420370] raid6: sse2x1   xor()  5702 MB/s
[   16.524351] raid6: sse2x2   gen()  9180 MB/s
[   16.616360] raid6: sse2x2   xor()  6139 MB/s
[   16.688367] raid6: sse2x4   gen()  9666 MB/s
[   16.760354] raid6: sse2x4   xor()  7520 MB/s
[   16.766549] raid6: using algorithm sse2x4 gen() 9666 MB/s
[   16.767568] raid6: .... xor() 7520 MB/s, rmw enabled
[   16.768562] raid6: using ssse3x2 recovery algorithm
[   16.771252] xor: automatically using best checksumming function:
[   16.860627]    avx       : 18946.000 MB/sec
[   16.961712] async_tx: api initialized (async)
[   16.975154] md: raid6 personality registered for level 6
[   16.981485] md: raid5 personality registered for level 5
[   16.982488] md: raid4 personality registered for level 4
[   16.990295] md: raid10 personality registered for level 10
done.
Begin: Running /scripts/init-premount ... done.
Begin: Mounting root file system ... Begin: Running /scripts/local-top ... done.
Begin: Running /scripts/local-premount ... [   17.075761] Btrfs loaded
Scanning for Btrfs filesystems
done.
Warning: fsck not present, so skipping root file system
[   17.150195] EXT4-fs (sda1): mounted filesystem with ordered data mode. Opts: (null)
done.
Begin: Running /scripts/local-bottom ... done.
Begin: Running /scripts/init-bottom ... done.
[   17.779544] systemd[1]: systemd 229 running in system mode. (+PAM +AUDIT +SELINUX +IMA +APPARMOR +SMACK +SYSVINIT +UTMP +LIBCRYPTSETUP +GCRYPT +GNUTLS +ACL +XZ -LZ4 +SECCOMP +BLKID +ELFUTILS +KMOD -IDN)
[   17.79202systemd[1]: Detected virtualization oracle.
[ 173060 systemd[1]: Detected architecture x86-64.

Welcome to [1mUbuntu 16.04.2 LTS[0m!

[ 181411] systemd[1]: Set hostname to <ubuntu>.
  182771] systemd[1]: Initializing machine ID from random generator.
[   18.399127] systemd[1]: Installed transien /ec/achine-id file.
[   18.70478] anom nnbckg olis initialized
[   19.735549] systemd[1]: Listening on LVM2 poll daemon socket.
[[0;32m  OK  [0m] Listening on LVM2 poll daemon socket.
[   19.758093] systemd[1]: Reached target Swap.
[[0;32m  OK  [0m] Reached target Swap.
[   19.759972] systemd[1]: Started Trigger resolvconf update for networkd DNS.
[[0;32m  OK  [0m] Started Trigger resolvconf update for networkd DNS.
[   19.762345] systemd[1]: Listening on Journal Socket (/dev/log).
[[0;32m  OK  [0m] Listening on Journal Socket (/dev/log).
[   20.089121] systemd[1]: Listening on LVM2 metadata daemon socket.
[[0;32m  OK  [0m] Listening on LVM2 metadata daemon socket.
[  20.091756] systemd[1]: Reached target User a GupamLoup. [[0;32m  OK  [0m] Reached target User and Group Name Lookups.
[   20.507485] systemd[1]: Reached target Encrypted Volumes.
[[0;32m  OK  [0m] Reached target Encrypted Volumes.
[   20.509654] systemd[1]: Started Forward Password Requests to Wall Directory Watch.
[[0;32m  OK  [0m] Started Forward Password Requests to Wall Directory Watch.
[   20.512633] systemd[1]: Created slice stem Slice.
[[0;32m  OK  [0m] Created slice System Slice.
[   0.26] systemd[1]: Listin o JuralSoke. [[0;32m  OK  [0m] Listening on Journal Socket.
[   21.120683] systemd[1]: Starting Uncomplicated firewall...
         Starting Uncomplicated firewall...
[   21.172620] systemd[1]: Starting Load Kernel Modules...
         Starting Load Kernel Modules...
[   21.197415] systemd[1]: Mounting Debug File System...
         Mounting Debug File System...
[   21.241362] Loading iSCSI transport class v2.0-870.
[   21.304971] systemd[1]: Starting Set console keymap...
         Starting Set console keymap...
[   21.336773] systemd[1]: Starting Remount Root and Kernel File Systems...
         Starting Remount Root and Kernel[   21.371015] iscsi: registered transport (tcp)
 File Systems...
[   21.376832] systemd[1]: Set up automount Arbitrary Executable File Formats File System Automount Point.
[[0;32m  OK  [0m] Set up automount Arbitrary Executab...ats File System Automount Point.
[   21.383812] EXT4-fs (sda1): re-mounted. Opts: (null)
[   21.445214] systemd[1]: Starting Nameserver information manager...
         Starting Nameserver information manager...
[   21.455467] systemd[1]: Mounting POSIX Message Queue File System...
         Mounting POSIX M[   21.475589] iscsi: registered transport (iser)
essage Queue File System...
[   21.502856] systemd[1]: Listening on Syslog Socket.
[[0;32m  OK  [0m] Listening on Syslog Socket.
[   21.519168] systemd[1]: Listening on Journal Audit Socket.
[[0;32m  OK  [0m] Listening on Journal Audit Socket.
[   21.548721] systemd[1]: Starting Journal Service...
         Starting Journal Service...
[   21.562647] systemd[1]: Listening on Device-mapper event daemon FIFOs.
[[0;32m  OK  [0m] Listening on Device-mapper event daemon FIFOs.
[   21.672528] systemd[1]: Starting Monitoring of LVM2 mirrors, snapshots etc. using dmeventd or progress polling...
         Starting Monitoring of LVM2 mirrors... dmeventd or progress polling...
[   21.717834] systemd[1]: Created slice system-serial\x2dgetty.slice.
[[0;32m  OK  [0m] Created slice system-serial\x2dgetty.slice.
[   21.743412] systemd[1]: Created slice User and Session Slice.
[[0;32m  OK  [0m] Created slice User and Session Slice.
[   21.745560] systemd[1]: Reached target Slices.
[[0;32m  OK  [0m] Reached target Slices.
[   21.757952] systemd[1]: Listening on udev Control Socket.
[[0;32m  OK  [0m] Listening on udev Control Socket.
[   21.760038] systemd[1]: Listening on udev Kernel Socket.
[[0;32m  OK  [0m] Listening on udev Kernel Socket.
[   21.772642] systemd[1]: Starting Create list of required static device nodes for the current kernel...
         Starting Create list of required st... nodes for the current kernel...
[   22.073877] systemd[1]: Listening on /dev/initctl Compatibility Named Pipe.
[[0;32m  OK  [0m] Listening on /dev/initctl Compatibility Named Pipe.
[   22.081238] systemd[1]: Mounting Huge Pages File System...
         Mounting Huge Pages File System...
[   22.154246] systemd[1]: Mounted Debug File System.
[[0;32m  OK  [0m] Mounted Debug File System.
[   22.291389] systemd[1]: Mounted Huge Pages File System.
[[0;32m  OK  [0m] Mounted Huge Pages File System.
[   22.341307] systemd[1]: Mounted POSIX Message Queue File System.
[[0;32m  OK  [0m] Mounted POSIX Message Queue File System.
[   22.493379] systemd[1]: Started Journal Service.
[[0;32m  OK  [0m] Started Journal Service.
[[0;32m  OK  [0m] Started Uncomplicated firewall.
[[0;32m  OK  [0m] Started Load Kernel Modules.
[[0;32m  OK  [0m] Started Set console keymap.
[[0;32m  OK  [0m] Started Remount Root and Kernel File Systems.
[[0;32m  OK  [0m] Started Create list of required sta...ce nodes for the current kernel.
[[0;32m  OK  [0m] Started Nameserver information manager.
[[0;32m  OK  [0m] Started LVM2 metadata daemon.
         Starting Create Static Device Nodes in /dev...
         Starting udev Coldplug all Devices...
         Starting Initial cloud-init job (pre-networking)...
         Starting Load/Save Random Seed...
         Mounting FUSE Control File System...
         Starting Apply Kernel Variables...
         Starting Flush Journal to Persistent Storage...
[[0;32m  OK  [0m] Mounted FUSE Control File System.
[[0;32m  OK  [0m] Started udev Coldplug all Devices.
[[0;32m  OK  [0m] Started Load/Save Random Seed.
[   22.984361] systemd-journald[408]: Received request to flush runtime journal from PID 1
[[0;32m  OK  [0m] Started Create Static Device Nodes in /dev.
         Starting udev Kernel Device Manager...
[[0;32m  OK  [0m] Started Flush Journal to Persistent Storage.
[[0;32m  OK  [0m] Started Apply Kernel Variables.
[[0;32m  OK  [0m] Started Monitoring of LVM2 mirrors,...ng dmeventd or progress polling.
[[0;32m  OK  [0m] Started udev Kernel Device Manager.
[[0;32m  OK  [0m] Reached target Local File Systems (Pre).
[[0;32m  OK  [0m] Reached target Local File Systems.
         Starting LSB: AppArmor initialization...
         Starting Tell Plymouth To Write Out Runtime Data...
         Starting Create Volatile Files and Directories...
         Starting Commit a transient machine-id on disk...
         Starting Set console font and keymap...
[[0;32m  OK  [0m] Started Dispatch Password Requests to Console Directory Watch.
[[0;32m  OK  [0m] Started Tell Plymouth To Write Out Runtime Data.
[[0;32m  OK  [0m] Started Commit a transient machine-id on disk.
[[0;32m  OK  [0m] Started Create Volatile Files and Directories.
[[0;32m  OK  [0m] Reached target System Time Synchronized.
         Starting Update UTMP about System Boot/Shutdown...
[[0;32m  OK  [0m] Found device /dev/ttyS0.
[[0;32m  OK  [0m] Started Update UTMP about System Boot/Shutdown.
[[0;32m  OK  [0m] Started Set console font and keymap.
[[0;32m  OK  [0m] Created slice system-getty.slice.
[[0;32m  OK  [0m] Listening on Load/Save RF Kill Switch Status /dev/rfkill Watch.
[[0;32m  OK  [0m] Started LSB: AppArmor initialization.
[   25.465851] cloud-init[441]: Cloud-init v. 0.7.9 running 'init-local' at Tue, 14 Nov 2017 15:47:35 +0000. Up 24.95 seconds.
[[0;32m  OK  [0m] Started Initial cloud-init job (pre-networking).
[[0;32m  OK  [0m] Reached target Network (Pre).
         Starting Raise network interfaces...
[[0;32m  OK  [0m] Started Raise network interfaces.
         Starting Initial cloud-init job (metadata service crawler)...
[[0;32m  OK  [0m] Reached target Network.
[   27.589603] cloud-init[941]: Cloud-init v. 0.7.9 running 'init' at Tue, 14 Nov 2017 15:47:36 +0000. Up 26.26 seconds.
[   27.593682] cloud-init[941]: ci-info: +++++++++++++++++++++++++++++++++++++Net device info++++++++++++++++++++++++++++++++++++++
[   27.599375] cloud-init[941]: ci-info: +--------+------+----------------------------+---------------+-------+-------------------+
[   27.603600] cloud-init[941]: ci-info: | Device |  Up  |          Address           |      Mask     | Scope |     Hw-Address    |
[   27.607762] cloud-init[941]: ci-info: +--------+------+----------------------------+---------------+-------+-------------------+
[   27.611567] cloud-init[941]: ci-info: | enp0s3 | True |         10.0.2.15          | 255.255.255.0 |   .   | 02:fe:ea:33:6c:e6 |
[   27.668334] cloud-init[941]: ci-info: | enp0s3 | True | fe80::fe:eaff:fe33:6ce6/64 |       .       |  link | 02:fe:ea:33:6c:e6 |
[[0;32m  OK  [0m] Started Initial cloud-init job (metadata service crawler).
[   27.668610] cloud-init[941]: ci-info: |   lo   | True |         127.0.0.1          |   255.0.0.0   |   .   |         .         |
[   27.748329] cloud-init[941]: ci-info: |   lo   | True |          ::1/128           |       .       |  host |         .         |
[   27.748616] cloud-init[941]: ci-info: +--------+------+----------------------------+---------------+-------+-------------------+
[[0;32m  OK  [0m] Reached target System Initialization.
         Starting Socket activation for snappy daemon.
[   27.748793] cloud-init[941]: ci-info: +++++++++++++++++++++++++++Route IPv4 info++++++++++++++++++++++++++++
[   27.780408] cloud-init[941]: ci-info: +-------+-------------+----------+---------------+-----------+-------+
[   27.780731] cloud-init[941]: ci-info: | Route | Destination | Gateway  |    Genmask    | Interface | Flags |
         Starting LXD - unix socket.
[[   27.780845] cloud-init[941]: ci-info: +-------+-------------+----------+---------------+-----------+-------+
[0;32m  OK  [0m] Started Daily Cleanup of Temporary Directories.
[   27.877279] cloud-init[941]: ci-info: |   0   |   0.0.0.0   | 10.0.2.2 |    0.0.0.0    |   enp0s3  |   UG  |
[   27.898812] cloud-init[941]: ci-info: |   1   |   10.0.2.0  | 0.0.0.0  | 255.255.255.0 |   enp0s3  |   U   |
[   27.899042] cloud-init[941]: ci-info: +-------+-------------+----------+---------------+-----------+-------+
[   27.899201] cloud-init[941]: Generating public/private rsa key pair.
[   27.899335] cloud-init[941]: Your identification has been saved in /etc/ssh/ssh_host_rsa_key.
[   27.899475] cloud-init[941]: Your public key has been saved in /etc/ssh/ssh_host_rsa_key.pub.
[[0;32m  OK  [0m] Started Daily apt activities.
[[   27.899624] cloud-init[941]: The key fingerprint is:
[   28.087612] cloud-init[941]: SHA256:RKMdCWy5Flgsi6hbjw/lalINW+olgJ2QYQLWUQCjCyY root@ubuntu-xenial
[   28.087746] cloud-init[941]: The key's randomart image is:
[   28.087924] cloud-init[941]: +---[RSA 2048]----+
[   28.088276] cloud-init[941]: |=Boo+*oo+.       |
[   28.088431] cloud-init[941]: |B ..o *+.o       |
[   28.088589] cloud-init[941]: |E= o +.oo        |
[   28.088749] cloud-init[941]: |B.= o o.         |
[   28.088911] cloud-init[941]: |o. *..  S        |
[   28.089064] cloud-init[941]: |. *oo            |
[   28.089242] cloud-init[941]: | =.=.            |
[   28.089393] cloud-init[941]: |o +o.            |
[   28.089550] cloud-init[941]: | o...            |
[   28.089818] cloud-init[941]: +----[SHA256]-----+
[   28.089895] cloud-init[941]: Generating public/private dsa key pair.
[   28.090050] cloud-init[941]: Your identification has been saved in /etc/ssh/ssh_host_dsa_key.
[   28.090564] cloud-init[941]: Your public key has been saved in /etc/ssh/ssh_host_dsa_key.pub.
[   28.090692] cloud-init[941]: The key fingerprint is:
[   28.090849] cloud-init[941]: SHA256:dqyMxcPuZ/jWe150vSV9CZFX730CAiGGMpqvbbk82Lo root@ubuntu-xenial
[   28.091009] cloud-init[941]: The key's randomart image is:
[   28.091183] cloud-init[941]: +---[DSA 1024]----+
[   28.091336] cloud-init[941]: |     .o o.   .. o|
[   28.091498] cloud-init[941]: |  o .. . .   ....|
[0;32m  OK  [0m] Started Timer to automatically refresh installed snaps.
[[   28.091555] cloud-init[941]: | o o      . ... .|
[   28.130672] cloud-init[941]: |o      o . . ..o+|
[   28.130769] cloud-init[941]: | .      S o   o.@|
[   28.130911] cloud-init[941]: |  .    * +     +*|
[   28.131055] cloud-init[941]: | = .  . +. .   ..|
[   28.131226] cloud-init[941]: |o.*    .. + . .. |
[   28.131378] cloud-init[941]: |E+oo    .=. .+.  |
[   28.131518] cloud-init[941]: +----[SHA256]-----+
[   28.131663] cloud-init[941]: Generating public/private ecdsa key pair.
[   28.131808] cloud-init[941]: Your identification has been saved in /etc/ssh/ssh_host_ecdsa_key.
[   28.131953] cloud-init[941]: Your public key has been saved in /etc/ssh/ssh_host_ecdsa_key.pub.
[   28.132254] cloud-init[941]: The key fingerprint is:
[   28.132392] cloud-init[941]: SHA256:YeRXhLevLQtmQ3/PyjkVUqrn0Unvyvo/qcLgUlKULdw root@ubuntu-xenial
[   28.132536] cloud-init[941]: The key's randomart image is:
[   28.132681] cloud-init[941]: +---[ECDSA 256]---+
[   28.132825] cloud-init[941]: |        o +oo    |
[   28.132970] cloud-init[941]: |       o =.E.  . |
[   28.133114] cloud-init[941]: |        = o. .o  |
[0;32m  OK  [0m] Reached target Timers.
[[   28.133584] cloud-init[941]: |       . +  .o o |
[   28.252928] cloud-init[941]: |        S . ..+ +|
[0;32m  OK  [0m] Listening on D-Bus System Message Bus Socket.
[   28.253043] cloud-init[941]: |       . + o o.oo|
[   28.268543] cloud-init[941]: |        + B +ooo.|
[   28.268803] cloud-init[941]: |       . + =o=o*.|
[[0;32m  OK  [0m] Started ACPI Events Check.
[[   28.268957] cloud-init[941]: |        .   +*O==|
[   28.295005] cloud-init[941]: +----[SHA256]-----+
[0;32m  OK  [0m] Reached target Paths.
[   28.295056] cloud-init[941]: Generating public/private ed25519 key pair.
[   28.297695] cloud-init[941]: Your identification has been saved in /etc/ssh/ssh_host_ed25519_key.
[[0;32m  OK  [0m] Listening on ACPID Listen Socket.
[   28.297776] cloud-init[941]: Your public key has been saved in /etc/ssh/ssh_host_ed25519_key.pub.
[   28.301002] cloud-init[941]: The key fingerprint is:
[[0;32m  OK  [0m] Listening on UUID daemon activation socket.
[   28.301086] cloud-init[941]: SHA256:Wq/x4o2xxlsGCPsscZQDVimGXul9xirm3eYof9aSEZw root@ubuntu-xenial
[   28.319191] cloud-init[941]: The key's randomart image is:
[   28.319435] cloud-init[941]: +--[ED25519 256]--+
[[0;32m  OK  [0m] Reached target Network is Online.
[   28.319600] cloud-init[941]: |   .oo..         |
[   28.324496] cloud-init[941]: |  ..=...         |
[   28.325525] cloud-init[941]: | . +.o+o .       |
[   28.326532] cloud-init[941]: |  . .+.oE        |
[   28.327604] cloud-init[941]: |    o o+S.       |
[   28.328657] cloud-init[941]: |    o=.o.o       |
[   28.329662] cloud-init[941]: |   o.o+oo++      |
[   28.330659] cloud-init[941]: |    o...@@.      |
[   28.331689] cloud-init[941]: |     ooBB+o      |
[   28.332739] cloud-init[941]: +----[SHA256]-----+
         Starting iSCSI initiator daemon (iscsid)...
[[0;32m  OK  [0m] Reached target Cloud-config availability.
[[0;32m  OK  [0m] Listening on Socket activation for snappy daemon.
[[0;32m  OK  [0m] Listening on LXD - unix socket.
[[0;32m  OK  [0m] Reached target Sockets.
[[0;32m  OK  [0m] Reached target Basic System.
         Starting Login Service...
         Starting LXD - container startup/shutdown...
[[0;32m  OK  [0m] Started ACPI event daemon.
         Starting System Logging Service...
         Starting LSB: MD monitoring daemon...
[[0;32m  OK  [0m] Started FUSE filesystem for LXC.
         Starting Pollinate to seed the pseudo random number generator...
[[0;32m  OK  [0m] Started Deferred execution scheduler.
[[0;32m  OK  [0m] Started Unattended Upgrades Shutdown.
         Starting /etc/rc.local Compatibility...
[[0;32m  OK  [0m] Started Regular background program processing daemon.
         Starting LSB: Record successful boot for GRUB...
[[0;32m  OK  [0m] Started Snappy daemon.
[[0;32m  OK  [0m] Started D-Bus System Message Bus.
         Starting Apply the settings specified in cloud-config...
         Starting Accounts Service...
         Starting Auto import assertions from block devices...
[[0;32m  OK  [0m] Started System Logging Service.
[[0;32m  OK  [0m] Started /etc/rc.local Compatibility.
[[0;32m  OK  [0m] Started Auto import assertions from block devices.
[[0;32m  OK  [0m] Started Login Service.
[[0;32m  OK  [0m] Started iSCSI initiator daemon (iscsid).
         Starting Login to default iSCSI targets...
[[0;32m  OK  [0m] Started LSB: MD monitoring daemon.
[[0;32m  OK  [0m] Started LSB: Record successful boot for GRUB.
[[0;32m  OK  [0m] Started Login to default iSCSI targets.
[[0;32m  OK  [0m] Reached target Remote File Systems (Pre).
[[0;32m  OK  [0m] Reached target Remote File Systems.
         Starting LSB: Set the CPU Frequency Scaling governor to "ondemand"...
         Starting Permit User Sessions...
         Starting LSB: daemon to balance interrupts for SMP systems...
         Starting LSB: VirtualBox Linux Additions...
         Starting LSB: automatic crash report generation...
[[0;32m  OK  [0m] Started LSB: Set the CPU Frequency Scaling governor to "ondemand".
[[0;32m  OK  [0m] Started Permit User Sessions.
         Starting Hold until boot process finishes up...
         Starting Terminate Plymouth Boot Screen...
[[0;32m  OK  [0m] Started Hold until boot process finishes up.
[[0;32m  OK  [0m] Started Terminate Plymouth Boot Screen.
[[0;32m  OK  [0m] Started Serial Getty on ttyS0.
[[0;32m  OK  [0m] Started Getty on tty1.
[[0;32m  OK  [0m] Reached target Login Prompts.
         Starting Set console scheme...
[[0;32m  OK  [0m] Started Set console scheme.
[[0;32m  OK  [0m] Started LSB: daemon to balance interrupts for SMP systems.
[[0;32m  OK  [0m] Started LSB: automatic crash report generation.
[   31.618155] cloud-init[1115]: Generating locales (this might take a while)...
[[0;32m  OK  [0m] Started Pollinate to seed the pseudo random number generator.
         Starting OpenBSD Secure Shell server...
         Starting Authenticate and Authorize Users to Run Privileged Tasks...
[[0;32m  OK  [0m] Started OpenBSD Secure Shell server.
[[0;32m  OK  [0m] Started LSB: VirtualBox Linux Additions.
[[0;32m  OK  [0m] Started LXD - container startup/shutdown.
[[0;32m  OK  [0m] Reached target Multi-User System.
[[0;32m  OK  [0m] Started Authenticate and Authorize Users to Run Privileged Tasks.
[[0;32m  OK  [0m] Started Accounts Service.
[[0;32m  OK  [0m] Reached target Graphical Interface.
         Starting Update UTMP about System Runlevel Changes...
[[0;32m  OK  [0m] Started Update UTMP about System Runlevel Changes.
[   33.252086] cloud-init[1115]:   en_US.UTF-8... done
[   33.265563] cloud-init[1115]: Generation complete.
         Stopping OpenBSD Secure Shell server...
[[0;32m  OK  [0m] Stopped OpenBSD Secure Shell server.
         Starting OpenBSD Secure Shell server...
[[0;32m  OK  [0m] Started OpenBSD Secure Shell server.
[[0;32m  OK  [0m] Created slice User Slice of ubuntu.
         Starting User Manager for UID 1000...
[[0;32m  OK  [0m] Started Session 1 of user ubuntu.
[[0;32m  OK  [0m] Started User Manager for UID 1000.
[   35.086795] cloud-init[1115]: Cloud-init v. 0.7.9 running 'modules:config' at Tue, 14 Nov 2017 15:47:40 +0000. Up 30.72 seconds.
[[0;32m  OK  [0m] Started Apply the settings specified in cloud-config.
         Starting Execute cloud user/final scripts...
ci-info: no authorized ssh keys fingerprints found for user ubuntu.
<14>Nov 14 15:47:45 ec2: 
<14>Nov 14 15:47:45 ec2: #############################################################
<14>Nov 14 15:47:45 ec2: -----BEGIN SSH HOST KEY FINGERPRINTS-----
<14>Nov 14 15:47:45 ec2: 1024 SHA256:dqyMxcPuZ/jWe150vSV9CZFX730CAiGGMpqvbbk82Lo root@ubuntu-xenial (DSA)
<14>Nov 14 15:47:45 ec2: 256 SHA256:YeRXhLevLQtmQ3/PyjkVUqrn0Unvyvo/qcLgUlKULdw root@ubuntu-xenial (ECDSA)
<14>Nov 14 15:47:45 ec2: 256 SHA256:Wq/x4o2xxlsGCPsscZQDVimGXul9xirm3eYof9aSEZw root@ubuntu-xenial (ED25519)
<14>Nov 14 15:47:45 ec2: 2048 SHA256:RKMdCWy5Flgsi6hbjw/lalINW+olgJ2QYQLWUQCjCyY root@ubuntu-xenial (RSA)
<14>Nov 14 15:47:45 ec2: -----END SSH HOST KEY FINGERPRINTS-----
<14>Nov 14 15:47:45 ec2: #############################################################
-----BEGIN SSH HOST KEY KEYS-----
ecdsa-sha2-nistp256 AAAAE2VjZHNhLXNoYTItbmlzdHAyNTYAAAAIbmlzdHAyNTYAAABBBPcX+K0xWwuGwnZVDtZaCCGw/z7mGibyLWYQgAgqDpKpmW39yk/GgHNPP5s74EQKVbCMkE1Y3Psf7jDc44V1fDE= root@ubuntu-xenial
ssh-ed25519 AAAAC3NzaC1lZDI1NTE5AAAAIEn17F3mQOheqJ4lUuucr9RYxcTfdN1BqF+veG/jNxNq root@ubuntu-xenial
ssh-rsa AAAAB3NzaC1yc2EAAAADAQABAAABAQC6DeTwuchBpBsbdYnK6ycMouhgcwVnYtDeFvtB6tltPpBdCLiXh0o8Dv53M/i0sUlfTMimCevNk0J7Z8XRbnCMGWcDhtJJD41Utf/4/dOFKuC3uaKTOnZOjJHpenChPkBRe/MAcrHwUXNjOSJhXmbONAouH1OmYoPksbZqnE/dsoEfUZhWtweu4w7afRb7NS3KRNm4ityj2KJQ8LcFswyvnLcS/YNw2ZliBrg+XnvGxrYxJE8JqmWSSlNbEldqJfq73dU4GQ5ImRQRYq8YnSsu4TIwsHwXyyP8dntFe9///YbHYUpqZwGsPuOScKXSyn9nGwlcU+B42Vk2MDA/pW/B root@ubuntu-xenial
-----END SSH HOST KEY KEYS-----
[   35.977391] cloud-init[1379]: Cloud-init v. 0.7.9 running 'modules:final' at Tue, 14 Nov 2017 15:47:45 +0000. Up 35.57 seconds.
[   36.053987] [cloud-init[0;32m  OK  [0m[1379]: ] ci-info: no authorized ssh keys fingerprints found for user ubuntu.Started Execute cloud user/final scripts.

[[   36.054287] cloud-init[1379]: Cloud-init v. 0.7.9 finished at Tue, 14 Nov 2017 15:47:46 +0000. Datasource DataSourceNoCloud [seed=/dev/sdb][dsmode=net].  Up 35.96 seconds
[0;32m  OK  [0m] Reached target Cloud-init target.

Ubuntu 16.04.2 LTS ubuntu-xenial ttyS0

ubuntu-xenial login: 