[    0.000000] Initializing cgroup subsys cpuset
[    0.000000] Initializing cgroup subsys cpu
[    0.000000] Initializing cgroup subsys cpuacct
[    0.000000] Linux version 4.4.0-92-generic (buildd@lcy01-17) (gcc version 5.4.0 20160609 (Ubuntu 5.4.0-6ubuntu1~16.04.4) ) #115-Ubuntu SMP Thu Aug 10 09:04:33 UTC 2017 (Ubuntu 4.4.0-92.115-generic 4.4.76)
[    0.000000] Command line: BOOT_IMAGE=/boot/vmlinuz-4.4.0-92-generic root=UUID=fc2a548c-2071-4dd0-8df4-e11f93130c33 ro console=tty1 console=ttyS0
[    0.000000] KERNEL supported cpus:
[    0.000000]   Intel GenuineIntel
[    0.000000]   AMD AuthenticAMD
[    0.000000]   Centaur CentaurHauls
[    0.000000] x86/fpu: xstate_offset[2]:  576, xstate_sizes[2]:  256
[    0.000000] x86/fpu: Supporting XSAVE feature 0x01: 'x87 floating point registers'
[    0.000000] x86/fpu: Supporting XSAVE feature 0x02: 'SSE registers'
[    0.000000] x86/fpu: Supporting XSAVE feature 0x04: 'AVX registers'
[    0.000000] x86/fpu: Enabled xstate features 0x7, context size is 832 bytes, using 'standard' format.
[    0.000000] x86/fpu: Using 'lazy' FPU context switches.
[    0.000000] e820: BIOS-provided physical RAM map:
[    0.000000] BIOS-e820: [mem 0x0000000000000000-0x000000000009fbff] usable
[    0.000000] BIOS-e820: [mem 0x000000000009fc00-0x000000000009ffff] reserved
[    0.000000] BIOS-e820: [mem 0x00000000000f0000-0x00000000000fffff] reserved
[    0.000000] BIOS-e820: [mem 0x0000000000100000-0x000000003ffeffff] usable
[    0.000000] BIOS-e820: [mem 0x000000003fff0000-0x000000003fffffff] ACPI data
[    0.000000] BIOS-e820: [mem 0x00000000fffc0000-0x00000000ffffffff] reserved
[    0.000000] NX (Execute Disable) protection: active
[    0.000000] SMBIOS 2.5 present.
[    0.000000] Hypervisor detected: KVM
[    0.000000] e820: last_pfn = 0x3fff0 max_arch_pfn = 0x400000000
[    0.000000] MTRR: Disabled
[    0.000000] x86/PAT: MTRRs disabled, skipping PAT initialization too.
[    0.000000] x86/PAT: Configuration [0-7]: WB  WT  UC- UC  WB  WT  UC- UC  
[    0.000000] CPU MTRRs all blank - virtualized system.
[    0.000000] found SMP MP-table at [mem 0x0009fff0-0x0009ffff] mapped at [ffff88000009fff0]
[    0.000000] Scanning 1 areas for low memory corruption
[    0.000000] RAMDISK: [mem 0x34c48000-0x3661bfff]
[    0.000000] ACPI: Early table checksum verification disabled
[    0.000000] ACPI: RSDP 0x00000000000E0000 000024 (v02 VBOX  )
[    0.000000] ACPI: XSDT 0x000000003FFF0030 00003C (v01 VBOX   VBOXXSDT 00000001 ASL  00000061)
[    0.000000] ACPI: FACP 0x000000003FFF00F0 0000F4 (v04 VBOX   VBOXFACP 00000001 ASL  00000061)
[    0.000000] ACPI: DSDT 0x000000003FFF0470 002118 (v01 VBOX   VBOXBIOS 00000002 INTL 20160108)
[    0.000000] ACPI: FACS 0x000000003FFF0200 000040
[    0.000000] ACPI: FACS 0x000000003FFF0200 000040
[    0.000000] ACPI: APIC 0x000000003FFF0240 00005C (v02 VBOX   VBOXAPIC 00000001 ASL  00000061)
[    0.000000] ACPI: SSDT 0x000000003FFF02A0 0001CC (v01 VBOX   VBOXCPUT 00000002 INTL 20160108)
[    0.000000] No NUMA configuration found
[    0.000000] Faking a node at [mem 0x0000000000000000-0x000000003ffeffff]
[    0.000000] NODE_DATA(0) allocated [mem 0x3ffeb000-0x3ffeffff]
[    0.000000] kvm-clock: Using msrs 4b564d01 and 4b564d00
[    0.000000] kvm-clock: cpu 0, msr 0:3ffe3001, primary cpu clock
[    0.000000] kvm-clock: using sched offset of 3767212279 cycles
[    0.000000] clocksource: kvm-clock: mask: 0xffffffffffffffff max_cycles: 0x1cd42e4dffb, max_idle_ns: 881590591483 ns
[    0.000000] Zone ranges:
[    0.000000]   DMA      [mem 0x0000000000001000-0x0000000000ffffff]
[    0.000000]   DMA32    [mem 0x0000000001000000-0x000000003ffeffff]
[    0.000000]   Normal   empty
[    0.000000]   Device   empty
[    0.000000] Movable zone start for each node
[    0.000000] Early memory node ranges
[    0.000000]   node   0: [mem 0x0000000000001000-0x000000000009efff]
[    0.000000]   node   0: [mem 0x0000000000100000-0x000000003ffeffff]
[    0.000000] Initmem setup node 0 [mem 0x0000000000001000-0x000000003ffeffff]
[    0.000000] ACPI: PM-Timer IO Port: 0x4008
[    0.000000] IOAPIC[0]: apic_id 2, version 17, address 0xfec00000, GSI 0-23
[    0.000000] ACPI: INT_SRC_OVR (bus 0 bus_irq 0 global_irq 2 dfl dfl)
[    0.000000] ACPI: INT_SRC_OVR (bus 0 bus_irq 9 global_irq 9 high level)
[    0.000000] Using ACPI (MADT) for SMP configuration information
[    0.000000] smpboot: Allowing 2 CPUs, 0 hotplug CPUs
[    0.000000] PM: Registered nosave memory: [mem 0x00000000-0x00000fff]
[    0.000000] PM: Registered nosave memory: [mem 0x0009f000-0x0009ffff]
[    0.000000] PM: Registered nosave memory: [mem 0x000a0000-0x000effff]
[    0.000000] PM: Registered nosave memory: [mem 0x000f0000-0x000fffff]
[    0.000000] e820: [mem 0x40000000-0xfffbffff] available for PCI devices
[    0.000000] Booting paravirtualized kernel on KVM
[    0.0000] clocksource: refined-jiffies: mask: 0xffffffff max_cycles: 0xffffffff, max_idle_ns: 7645519600211568 ns
[    0.000000] setup_percpu: NR_CPUS:512 nr_cpumask_bits:512 nr_cpu_ids:2 nr_node_ids:1
[    0.000000] PERCPU: Embedded 33 pages/cpu @ffff88003fc00000 s98264 r8192 d28712 u1048576
[    0.000000] PV qspinlock hash table entries: 256 (order: 0, 4096 bytes)
[    0.000000] Built 1 zonelists in Node order, mobility grouping on.  Total pages: 257913
[    0.000000] Policy zone: DMA32
[    0.000000] Kernel command line: BOOT_IMAGE=/boot/vmlinuz-4.4.0-92-generic root=UUID=fc2a548c-2071-4dd0-8df4-e11f93130c33 ro console=tty1 console=ttyS0
[    0.000000] PID hash table entries: 4096 (order: 3, 32768 bytes)
[    0.000000] Memory: 986128K/1048120K available (8474K kernel code, 1294K rwdata, 3984K rodata, 1488K init, 1316K bss, 61992K reserved, 0K cma-reserved)
[    0.000000] SLUB: HWalign=64, Order=0-3, MinObjects=0, CPUs=2, Nodes=1
[    0.000000] Hierarchical RCU implementation.
[    0.000000] 	Build-time adjustment of leaf fanout to 64.
[    0.000000] 	RCU restricting CPUs from NR_CPUS=512 to nr_cpu_ids=2.
[    0.000000] RCU: Adjusting geometry for rcu_fanout_leaf=64, nr_cpu_ids=2
[    0.000000] NR_IRQS:33024 nr_irqs:440 16
[    0.000000] Console: colour VGA+ 80x25
[    0.000000] console [tty1] enabled
[    0.000000] console [ttyS0] enabled
[    0.000000] tsc: Detected 2198.630 MHz processor
[    0.654842] Calibrating delay loop (skipped) preset value.. 4397.26 BogoMIPS (lpj=8794520)
[    0.656403] pid_max: default: 32768 minimum: 301
[    0.663535] ACPI: Core revision 20150930
[    0.694631] ACPI: 2 ACPI AML tables successfully acquired and loaded
[    0.695847] Security Framework initialized
[    0.730908] Yama: becoming mindful.
[    0.731633] AppArmor: AppArmor initialized
[    0.732495] Dentry cache hash table entries: 131072 (order: 8, 1048576 bytes)
[    0.778434] Inode-cache hash table entries: 65536 (order: 7, 524288 bytes)
[    0.833679] Mount-cache hash table entries: 2048 (order: 2, 16384 bytes)
[    0.834789] Mountpoint-cache hash table entries: 2048 (order: 2, 16384 bytes)
[    0.836087] Initializing cgroup subsys io
[    0.836855] Initializing cgroup subsys memory
[    0.875423] Initializing cgroup subsys devices
[    0.876241] Initializing cgroup subsys freezer
[    0.877070] Initializing cgroup subsys net_cls
[    0.877886] Initializing cgroup subsys perf_event
[    0.878755] Initializing cgroup subsys net_prio
[    0.903806] Initializing cgroup subsys hugetlb
[    0.979799] Initializing cgroup subsys pids
[    1.009321] CPU: Physical Processor ID: 0
[    1.010101] CPU: Processor Core ID: 0
[    1.011809] mce: CPU supports 0 MCE banks
[    1.012633] Last level iTLB entries: 4KB 64, 2MB 8, 4MB 8
[    1.013579] Last level dTLB entries: 4KB 64, 2MB 0, 4MB 0, 1GB 4
[    1.016523] Freeing SMP alternatives memory: 32K (ffffffff820b9000 - ffffffff820c1000)
[    1.026135] ftrace: allocating 32131 entries in 126 pages
[    1.078653] smpboot: APIC(0) Converting physical 0 to logical package 0
[    1.114319] smpboot: Max logical packages: 1
[    1.116546] ..TIMER: vector=0x30 apic1=0 pin1=2 apic2=-1 pin2=-1
[    1.325203] smpboot: CPU0: Intel(R) Core(TM) i5-5200U CPU @ 2.20GHz (family: 0x6, model: 0x3d, stepping: 0x4)
[    1.453426] Performance Events: unsupported p6 CPU model 61 no PMU driver, software events only.
[    1.460541] KVM setup paravirtual spinlock
[    1.462152] x86: Booting SMP configuration:
[    1.469720] .... node  #0, CPUs:      #1
[    1.470617] kvm-clock: cpu 1, msr 0:3ffe3041, secondary cpu clock
[    1.472400] mce: CPU supports 0 MCE banks
[    1.474855] x86: Booted up 1 node, 2 CPUs
[    1.476962] smpboot: Total of 2 processors activated (8794.52 BogoMIPS)
[    1.478673] devtmpfs: initialized
[    1.480829] evm: security.selinux
[    1.481570] evm: security.SMACK64
[    1.482294] evm: security.SMACK64EXEC
[    1.483092] evm: security.SMACK64TRANSMUTE
[    1.483899] evm: security.SMACK64MMAP
[    1.484643] evm: security.ima
[    1.485306] evm: security.capability
[    1.491605] clocksource: jiffies: mask: 0xffffffff max_cycles: 0xffffffff, max_idle_ns: 7645041785100000 ns
[    1.496784] futex hash table entries: 512 (order: 3, 32768 bytes)
[    1.498045] pinctrl core: initialized pinctrl subsystem
[    1.500225] RTC time: 19:35:40, date: 11/12/17
[    1.501865] NET: Registered protocol family 16
[    1.512813] cpuidle: using governor ladder
[    1.525085] cpuidle: using governor menu
[    1.531329] PCCT header not found.
[    1.533246] ACPI: bus type PCI registered
[    1.534065] acpiphp: ACPI Hot Plug PCI Controller Driver version: 0.5
[    1.535313] PCI: Using configuration type 1 for base access
[    1.550145] ACPI: Added _OSI(Module Device)
[    1.554968] ACPI: Added _OSI(Processor Device)
[    1.555843] ACPI: Added _OSI(3.0 _SCP Extensions)
[    1.556767] ACPI: Added _OSI(Processor Aggregator Device)
[    1.558432] ACPI: Executed 1 blocks of module-level executable AML code
[    1.561632] ACPI: Interpreter enabled
[    1.563475] ACPI: (supports S0 S5)
[    1.565282] ACPI: Using IOAPIC for interrupt routing
[    1.566529] PCI: Using host bridge windows from ACPI; if necessary, use "pci=nocrs" and report a bug
[    1.576882] ACPI: PCI Root Bridge [PCI0] (domain 0000 [bus 00-ff])
[    1.579503] acpi PNP0A03:00: _OSC: OS supports [ASPM ClockPM Segments MSI]
[    1.580691] acpi PNP0A03:00: _OSC failed (AE_NOT_FOUND); disabling ASPM
[    1.581910] acpi PNP0A03:00: fail to add MMCONFIG information, can't access extended PCI configuration space under this bridge.
[    1.584174] PCI host bridge to bus 0000:00
[    1.586075] pci_bus 0000:00: root bus resource [io  0x0000-0x0cf7 window]
[    1.587265] pci_bus 0000:00: root bus resource [io  0x0d00-0xffff window]
[    1.588430] pci_bus 0000:00: root bus resource [mem 0x000a0000-0x000bffff window]
[    1.595225] pci_bus 0000:00: root bus resource [mem 0x40000000-0xffdfffff window]
[    1.596705] pci_bus 0000:00: root bus resource [bus 00-ff]
[    1.599057] pci 0000:00:01.1: legacy IDE quirk: reg 0x10: [io  0x01f0-0x01f7]
[    1.602212] pci 0000:00:01.1: legacy IDE quirk: reg 0x14: [io  0x03f6]
[    1.603375] pci 0000:00:01.1: legacy IDE quirk: reg 0x18: [io  0x0170-0x0177]
[    1.604579] pci 0000:00:01.1: legacy IDE quirk: reg 0x1c: [io  0x0376]
[    1.636792] ACPI: PCI Interrupt Link [LNKA] (IRQs 5 9 10 11) *0, disabled.
[    1.675286] ACPI: PCI Interrupt Link [LNKB] (IRQs 5 9 10 *11)
[    1.691161] ACPI: PCI Interrupt Link [LNKC] (IRQs 5 9 *10 11)
[    1.709097] ACPI: PCI Interrupt Link [LNKD] (IRQs 5 *9 10 11)
[    1.753120] ACPI: Enabled 2 GPEs in block 00 to 07
[    1.783745] vgaarb: setting as boot device: PCI:0000:00:02.0
[    1.784724] vgaarb: device added: PCI:0000:00:02.0,decodes=io+mem,owns=io+mem,locks=none
[    1.797325] vgaarb: loaded
[    1.810181] vgaarb: bridge control possible 0000:00:02.0
[    1.812453] SCSI subsystem initialized
[    1.813416] ACPI: bus type USB registered
[    1.814211] usbcore: registered new interface driver usbfs
[    1.815178] usbcore: registered new interface driver hub
[    1.817625] usbcore: registered new device driver usb
[    1.824125] PCI: Using ACPI for IRQ routing
[    1.825186] NetLabel: Initializing
[    1.826933] NetLabel:  domain hash size = 128
[    1.827747] NetLabel:  protocols = UNLABELED CIPSOv4
[    1.828635] NetLabel:  unlabeled traffic allowed by default
[    1.829764] amd_nb: Cannot enumerate AMD northbridges
[    1.830741] clocksource: Switched to clocksource kvm-clock
[    1.839375] AppArmor: AppArmor Filesystem Enabled
[    1.861902] pnp: PnP ACPI init
[    1.863307] pnp: PnP ACPI: found 3 devices
[  1755]clksrc: pi_pm: mask: 0xffffff max_cycles: 0xffffff, max_idle_ns: 2085701024 ns
[  2414]ETRestedproc fily 

[    27751] TCP established hash table entries: 8192 (order: 4, 65536 bytes)
[    2.856479] TCP bind hash table entries: 8192 (order: 5, 131072 bytes)
[    2.857579] TCP: Hash tables configured (established 8192 bind 8192)
[   8549UD hshtale entries: 512 (order: 2, 16384 bytes)
[    3.126422] UDP-Lite hash table entries: 512 (orde:  16384 bytes)
[  32332 NT:egstre potcofaly
[   .7188] pci 0000:00:00.0: Limin dret I/I anfe
  4.140842] pci 0000:00:01.0: Activating ISA DMA hang workarounds
[    4.228702] Unpacking initramfs...
[  4687673] Freeing initrd memory: 26448K (fff880034c48000 - ffff88003661c000)
[   4.787763] RAPL PMU detected, API unit is 2^-32 Joules, 4 fixed counters 0741840ms ovfl timer
[    .962]  uitf main pp0-core 2^-0 Joules
[    5.285797] hw unit of domain package 2^-0 Joules
[    5.336583] hw unit of domain dram 2^-0 Joules
[    5.337553] hw unit of domain pp1-gpu 2^-0 Joules
[    5.400701] platform rtc_cmos: registered platform RTC device (no PNP device found)
[    5.516154] Scanning for low memory corruption every 60 seconds
[    5.517638] audit: initializing netlink subsys (disabled)
[    5.521433] audit: type=2000 audit(1510515348.221:1): initialized
[    5.522762] Initialise system trusted keyring
[    5.524316] HugeTLB registered 2 MB page size, pre-allocated 0 pages
[    5.557047] zbud: loaded
[    5.608166] VFS: Disk quotas dquot_6.6.0
[    5.625497] VFS: Dquot-cache hash table entries: 512 (order 0, 4096 bytes)
[    5.694378] squashfs: version 4.0 (2009/01/31) Phillip Lougher
[    5.715841] fuse init (API version 7.23)
[    5.725507] Key type big_key registered
[    5.751740] Allocating IMA MOK and blacklist keyrings.
[    5.755016] Key type asymmetric registered
[    5.795171] Asymmetric key parser 'x509' registered
[    5.796108] Block layer SCSI generic (bsg) driver version 0.4 loaded (major 249)
[    5.797599] io scheduler noop registered
[    5.832319] io scheduler deadline registered (default)
[    5.833309] io scheduler cfq registered
[    5.834177] pci_hotplug: PCI Hot Plug PCI Core version: 0.5
[    5.835215] pciehp: PCI Express Hot Plug Controller Driver version: 0.4
[    5.836423] ACPI: AC Adapter [AC] (on-line)
[    5.840303] input: Power Button as /devices/LNXSYSTM:00/LNXPWRBN:00/input/input0
[    5.841749] ACPI: Power Button [PWRF]
[    5.842556] input: Sleep Button as /devices/LNXSYSTM:00/LNXSLPBN:00/input/input1
[    5.844234] ACPI: Sleep Button [SLPF]
[    5.875912] ACPI: Battery Slot [BAT0] (battery present)
[    5.876958] GHES: HEST is not enabled!
[    5.877855] Serial: 8250/16550 driver, 32 ports, IRQ sharing enabled
[    6.056297] 00:02: ttyS0 at I/O 0x3f8 (irq = 4, base_baud = 115200) is a 16550A
[    6.156562] Linux agpgart interface v0.103
[    6.206440] loop: module loaded
[    6.235272] scsi host0: ata_piix
[    6.239669] scsi host1: ata_piix
[    6.261633] ata1: PATA max UDMA/33 cmd 0x1f0 ctl 0x3f6 bmdma 0xd000 irq 14
[    6.264934] ata2: PATA max UDMA/33 cmd 0x170 ctl 0x376 bmdma 0xd008 irq 15
[    6.266410] libphy: Fixed MDIO Bus: probed
[    6.274397] tun: Universal TUN/TAP device driver, 1.6
[    6.275494] tun: (C) 1999-2004 Max Krasnyansky <maxk@qualcomm.com>
[    6.279426] PPP generic driver version 2.4.2
[    6.284635] ehci_hcd: USB 2.0 'Enhanced' Host Controller (EHCI) Driver
[    6.290371] ehci-pci: EHCI PCI platform driver
[    6.294587] ehci-platform: EHCI generic platform driver
[    6.304696] ohci_hcd: USB 1.1 'Open' Host Controller (OHCI) Driver
[    6.310243] ohci-pci: OHCI PCI platform driver
[    6.324388] ohci-platform: OHCI generic platform driver
[    6.325472] uhci_hcd: USB Universal Host Controller Interface driver
[    6.326782] i8042: PNP: PS/2 Controller [PNP0303:PS2K,PNP0f03:PS2M] at 0x60,0x64 irq 1,12
[    6.335878] serio: i8042 KBD port at 0x60,0x64 irq 1
[    6.342985] serio: i8042 AUX port at 0x60,0x64 irq 12
[    6.354989] mousedev: PS/2 mouse device common for all mice
[    6.394986] rtc_cmos rtc_cmos: rtc core: registered rtc_cmos as rtc0
[    6.494203] rtc_cmos rtc_cmos: alarms up to one day, 114 bytes nvram
[    6.495701] tsc: Refined TSC clocksource calibration: 2195.070 MHz
[    6.495703] clocksource: tsc: mask: 0xffffffffffffffff max_cycles: 0x1fa401b70b8, max_idle_ns: 440795301369 ns
[    6.524938] input: AT Translated Set 2 keyboard as /devices/platform/i8042/serio0/input/input2
[    6.554860] i2c /dev entries driver
[    6.623860] device-mapper: uevent: version 1.0.3
[    6.626051] device-mapper: ioctl: 4.34.0-ioctl (2015-10-28) initialised: dm-devel@redhat.com
[    6.627661] ledtrig-cpu: registered to indicate activity on CPUs
[    6.644614] NET: Registered protocol family 10
[    6.675453] NET: Registered protocol family 17
[    6.694878] Key type dns_resolver registered
[    6.695913] microcode: CPU0 sig=0x306d4, pf=0x40, revision=0x0
[    6.697046] microcode: CPU1 sig=0x306d4, pf=0x40, revision=0x0
[    6.713923] microcode: Microcode Update Driver: v2.01 <tigran@aivazian.fsnet.co.uk>, Peter Oruba
[    6.715671] registered taskstats version 1
[    6.716515] Loading compiled-in X.509 certificates
[    6.718264] Loaded X.509 cert 'Build time autogenerated kernel key: 01a2b0d0dba8d37a863918580fc16590a7d146c8'
[    6.785391] zswap: loaded using pool lzo/zbud
[    6.875783] Key type trusted registered
[    6.899801] Key type encrypted registered
[    7.083033] AppArmor: AppArmor sha1 policy hashing enabled
[    7.192697] ima: No TPM chip found, activating TPM-bypass!
[    7.232788] evm: HMAC attrs: 0x1
[    7.292748]   Magic number: 9:976:596
[    7.312733] rtc_cmos rtc_cmos: setting system clock to 2017-11-12 19:35:46 UTC (1510515346)
[    7.314480] BIOS EDD facility v0.16 2004-Jun-25, 0 devices found
[    7.352782] EDD information not available.
[    7.393638] Freeing unused kernel memory: 1488K (ffffffff81f45000 - ffffffff820b9000)
[    7.552743] Write protecting the kernel read-only data: 14336k
[    7.622910] Freeing unused kernel memory: 1752K (ffff88000184a000 - ffff880001a00000)
[    7.632724] Freeing unused kernel memory: 112K (ffff880001de4000 - ffff880001e00000)
Loading, please wait...
starting version[    7.649673] random: systemd-udevd: uninitialized urandom read (16 bytes read, 5 bits of entropy available)
 229
[    7.650615] random: udevadm: uninitialized urandom read (16 bytes read, 5 bits of entropy available)
[    7.650655] random: udevadm: uninitialized urandom read (16 bytes read, 5 bits of entropy available)
[    7.650774] random: udevadm: uninitialized urandom read (16 bytes read, 5 bits of entropy available)
[    7.650869] random: udevadm: uninitialized urandom read (16 bytes read, 5 bits of entropy available)
[    7.650922] random: udevadm: uninitialized urandom read (16 bytes read, 5 bits of entropy available)
[    7.650966] random: udevadm: uninitialized urandom read (16 bytes read, 5 bits of entropy available)
[    7.651007] random: udevadm: uninitialized urandom read (16 bytes read, 5 bits of entropy available)
[    7.651048] random: udevadm: uninitialized urandom read (16 bytes read, 5 bits of entropy available)
[    7.651088] random: udevadm: uninitialized urandom read (16 bytes read, 5 bits of entropy available)
[    8.085765] Fusion MPT base driver 3.04.20
[    8.085768] e1000: Intel(R) PRO/1000 Network Driver - version 7.3.21-k8-NAPI
[    8.085769] e1000: Copyright (c) 1999-2006 Intel Corporation.
[    8.251138] Copyright (c) 1999-2008 LSI Corporation
[    8.330118] AVX version of gcm_enc/dec engaged.
[    8.340961] AES CTR mode by8 optimization enabled
[    8.355266] ACPI: Video Device [GFX0] (multi-head: yes  rom: no  post: no)
[    8.373711] FUJITSU Extended Socket Network Device Driver - version 1.0 - Copyright (c) 2015 FUJITSU LIMITED
[    8.396699] input: Video Bus as /devices/LNXSYSTM:00/LNXSYBUS:00/PNP0A03:00/LNXVIDEO:00/input/input5
[    8.429159] Fusion MPT SPI Host driver 3.04.20
[    8.543895] input: ImExPS/2 Generic Explorer Mouse as /devices/platform/i8042/serio1/input/input4
[    8.715036] e1000 0000:00:03.0 eth0: (PCI:33MHz:32-bit) 02:fe:ea:33:6c:e6
[    8.750544] e1000 0000:00:03.0 eth0: Intel(R) PRO/1000 Network Connection
[    8.781289] mptbase: ioc0: Initiating bringup
[    8.781679] e1000 0000:00:03.0 enp0s3: renamed from eth0
[    8.851058] ioc0: LSI53C1030 A0: Capabilities={Initiator}
[    9.020977] scsi host2: ioc0: LSI53C1030 A0, FwRev=00000000h, Ports=1, MaxQ=256, IRQ=20
[    9.163548] scsi 2:0:0:0: Direct-Access     VBOX     HARDDISK         1.0  PQ: 0 ANSI: 5
[    9.172287] scsi target2:0:0: Beginning Domain Validation
[    9.178740] scsi target2:0:0: Domain Validation skipping write tests
[    9.203879] scsi target2:0:0: Ending Domain Validation
[    9.210498] scsi target2:0:0: asynchronous
[    9.329646] scsi 2:0:1:0: Direct-Access     VBOX     HARDDISK         1.0  PQ: 0 ANSI: 5
[    9.421168] scsi target2:0:1: Beginning Domain Validation
[    9.423037] scsi target2:0:1: Domain Validation skipping write tests
[    9.499289] scsi target2:0:1: Ending Domain Validation
[    9.500308] scsi target2:0:1: asynchronous
[    9.508374] sd 2:0:0:0: [sda] 20971520 512-byte logical blocks: (10.7 GB/10.0 GiB)
[    9.515718] sd 2:0:0:0: Attached scsi generic sg0 type 0
[    9.519326] sd 2:0:0:0: [sda] Write Protect is off
[    9.520477] sd 2:0:0:0: [sda] Incomplete mode parameter data
[    9.524897] sd 2:0:0:0: [sda] Assuming drive cache: write through
[    9.526495] sd 2:0:1:0: [sdb] 20480 512-byte logical blocks: (10.5 MB/10.0 MiB)
[    9.529404] sd 2:0:1:0: [sdb] Write Protect is off
[    9.531717] sd 2:0:1:0: [sdb] Incomplete mode parameter data
[    9.535858] sd 2:0:1:0: [sdb] Assuming drive cache: write through
[    9.535931] sd 2:0:1:0: Attached scsi generic sg1 type 0
[    9.551696]  sda: sda1
[    9.572943] sd 2:0:1:0: [sdb] Attached SCSI disk
[    9.879012] sd 2:0:0:0: [sda] Attached SCSI disk
[   11.494929] floppy0: no floppy controllers found
Begin: Loading e[   12.962488] md: linear personality registered for level -1
ssential drivers ... [   13.136235] md: multipath personality registered for level -4
[   13.155942] md: raid0 personality registered for level 0
[   13.217535] md: raid1 personality registered for level 1
[   13.301960] raid6: sse2x1   gen()  6790 MB/s
[   13.375072] raid6: sse2x1   xor()  5653 MB/s
[   13.531451] raid6: sse2x2   gen()  9876 MB/s
[   13.619772] raid6: sse2x2   xor()  5817 MB/s
[   13.779239] raid6: sse2x4   gen()  9767 MB/s
[   14.007818] raid6: sse2x4   xor()  6226 MB/s
[   14.081223] raid6: using algorithm sse2x2 gen() 9876 MB/s
[   14.180856] raid6: .... xor() 5817 MB/s, rmw enabled
[   14.250864] raid6: using ssse3x2 recovery algorithm
[   14.270866] xor: automatically using best checksumming function:
[   14.314800]    avx       : 16072.000 MB/sec
[   14.322497] async_tx: api initialized (async)
[   14.372985] md: raid6 personality registered for level 6
[   14.490554] md: raid5 personality registered for level 5
[   14.511869] md: raid4 personality registered for level 4
[   14.525148] md: raid10 personality registered for level 10
done.
Begin: Running /scripts/init-premount ... done.
Begin: Mounting root file system ... Begin: Running /scripts/local-top ... done.
Begin: Running /scripts/local-premount ... [   14.689024] Btrfs loaded
Scanning for Btrfs filesystems
done.
Warning: fsck not present, so skipping root file system
[   14.908264] EXT4-fs (sda1): mounted filesystem with ordered data mode. Opts: (null)
done.
Begin: Running /scripts/local-bottom ... done.
Begin: Running /scripts/init-bottom ... done.
[   15.582141] random: nonblocking pool is initialized
[   16.912035] systemd[1]: systemd 229 running in system mode. (+PAM +AUDIT +SELINUX +IMA +APPARMOR +SMACK +SYSVINIT +UTMP +LIBCRYPTSETUP +GCRYPT +GNUTLS +ACL +XZ -LZ4 +SECCOMP +BLKID +ELFUTILS +KMOD -IDN)
[   17.007294] systemd[1]: Detected virtualization oracle.
[   17.008247] systemd[1]: Detected architecture x86-64.

Welcome to [1mUbuntu 16.04.2 LTS[0m!

[   17.083268] systemd[1]: Set hostname to <ubuntu-xenial>.
[   19.416512] systemd[1]: Started Trigger resolvconf update for networkd DNS.
[[0;32m  OK  [0m] Started Trigger resolvconf update for networkd DNS.
[   19.500101] systemd[1]: Reached target User and Group Name Lookups.
[[0;32m  OK  [0m] Reached target User and Group Name Lookups.
[   19.535107] systemd[1]: Set up automount Arbitrary Executable File Formats File System Automount Point.
[[0;32m  OK  [0m] Set up automount Arbitrary Executab...ats File System Automount Point.
[   19.554503] systemd[1]: Listening on udev Kernel Socket.
[[0;32m  OK  [0m] Listening on udev Kernel Socket.
[   19.568219] systemd[1]: Reached target Swap.
[[0;32m  OK  [0m] Reached target Swap.
[   19.574336] systemd[1]: Listening on Journal Socket (/dev/log).
[[0;32m  OK  [0m] Listening on Journal Socket (/dev/log).
[   19.587019] systemd[1]: Reached target Encrypted Volumes.
[[0;32m  OK  [0m] Reached target Encrypted Volumes.
[   19.595175] systemd[1]: Listening on Device-mapper event daemon FIFOs.
[[0;32m  OK  [0m] Listening on Device-mapper event daemon FIFOs.
[   19.606805] systemd[1]: Listening on LVM2 poll daemon socket.
[[0;32m  OK  [0m] Listening on LVM2 poll daemon socket.
[   19.635457] systemd[1]: Listening on LVM2 metadata daemon socket.
[[0;32m  OK  [0m] Listening on LVM2 metadata daemon socket.
[   19.644163] systemd[1]: Listening on Syslog Socket.
[[0;32m  OK  [0m] Listening on Syslog Socket.
[   19.766465] systemd[1]: Listening on /dev/initctl Compatibility Named Pipe.
[[0;32m  OK  [0m] Listening on /dev/initctl Compatibility Named Pipe.
[   19.768873] systemd[1]: Listening on Journal Audit Socket.
[[0;32m  OK  [0m] Listening on Journal Audit Socket.
[   19.770797] systemd[1]: Started Forward Password Requests to Wall Directory Watch.
[[0;32m  OK  [0m] Started Forward Password Requests to Wall Directory Watch.
[   19.785050] systemd[1]: Created slice User and Session Slice.
[[0;32m  OK  [0m] Created slice User and Session Slice.
[   19.862536] systemd[1]: Listening on Journal Socket.
[[0;32m  OK  [0m] Listening on Journal Socket.
[   19.864364] systemd[1]: Listening on udev Control Socket.
[[0;32m  OK  [0m] Listening on udev Control Socket.
[   19.867723] systemd[1]: Created slice System Slice.
[[0;32m  OK  [0m] Created slice System Slice.
[   19.935289] systemd[1]: Starting Load Kernel Modules...
         Starting Load Kernel Modules...
[   19.948903] systemd[1]: Started Braille Device Support.
[[0;32m  OK  [0m] Started Braille Device Support.
[   19.999199] systemd[1]: Starting Remount Root and Kernel File Systems...
         Starting Remount Root and Kernel File Systems...
[   20.025515] systemd[1]: Mounting POSIX Message Queue File System...
         Mounting POSIX Message Queue File System...
[   20.059039] systemd[1]: Starting Uncomplicated firewall...
         Starting Uncomplicated firewall...
[   20.095819] systemd[1]: Mounting Huge Pages File System...
         Mounting Huge Pages File System...
[   20.171120] systemd[1]: Starting Monitoring of LVM2 mirrors, snapshots etc. using dmeventd or progress polling...
         Starting Monitoring of LVM2 mirrors... dmeventd or progress polling...
[   20.203149] systemd[1]: Starting Journal Service...
         Starting Journal Service...
[   20.262880] systemd[1]: Mounting Debug File System...
         Mounting Debug File System...
[   20.291409] systemd[1]: Created slice system-serial\x2dgetty.slice.
[[0;32m  OK  [0m] Created slice system-serial\x2dgetty.slice.
[   20.319072] systemd[1]: Starting Set console keymap...
[   20.330490] EXT4-fs (sda1): re-mounted. Opts: (null)
         Starting Set console keymap...
[   20.341221] systemd[1]: Reached target Slices.
[[0;32m  OK  [0m] Reached target Slices.
[   20.343873] systemd[1]: Starting Create list of required static device nodes for the current kernel...
         Starting Create list of required st... nodes for the current kernel...
[   20.395622] systemd[1]: Mounted Debug File System.
[[0;32m  OK  [0m] Mounted Debug File System.
[   20.403327] systemd[1]: Mounted Huge Pages File System.
[[0;32m  OK  [0m] Mounted Huge Pages File System.
[   20.411061] systemd[1]: Mounted POSIX Message Queue File System.
[[0;32m  OK  [0m] Mounted POSIX Message Queue File System.
[   20.435127] systemd[1]: Started Remount Root and Kernel File Systems.
[[0;32m  OK  [0m] Started Remount Root and Kernel File Systems.
[   20.455680] systemd[1]: Started Uncomplicated firewall.
[[0;32m  OK  [0m] Started Uncomplicated firewall.
[   20.511120] systemd[1]: Starting Initial cloud-init job (pre-networking)...
         Starting Initial cloud-init job (pre-networking)...
[   20.683068] systemd[1]: Starting Load/Save Random Seed...
         Starting Load/Save Random Seed...
[   20.967503] systemd[1]: Starting udev Coldplug all Devices...
         Starting udev Coldplug all Devices...
[   20.977901] systemd[1]: Started Create list of required static device nodes for the current kernel.
[[0;32m  OK  [0m] Started Create list of required sta...ce nodes for the current kernel.
[   21.016542] systemd[1]: Started Load/Save Random Seed.
[[0;32m  OK  [0m] Started Load/Save Random Seed.
[   21.018700] systemd[1]: Started Journal Service.
[   21.079423] lp: driver loaded but no devices found
[[0;32m  OK  [0m] Started Journal Service.
         Starting Flush Journal to Persistent Storage...
         Starting Create Static Device Nodes in /dev...
[[0;32m  OK  [0[   21.175221] ppdev: user-space parallel port driver
m] Started LVM2 metadata daemon.
[[0;32m  OK  [0m] Started udev Coldplug all Devices.
[   21.315023] systemd-journald[396]: Received request to flush runtime journal from PID 1
[[0;32m  OK  [0m] Started Flush Journal to Persistent Storage.
[   21.680410] Loading iSCSI transport class v2.0-870.
[[0;32m  OK  [0m] Started Set console keymap.
[   22.083764] iscsi: registered transport (tcp)
[[0;32m  OK  [0m] Started Monitoring of LVM2 mirrors,...ng dmeventd or progress polling.
[   22.437201] iscsi: registered transport (iser)
[[0;32m  OK  [0m] Started Load Kernel Modules.
         Starting Apply Kernel Variables...
         Mounting FUSE Control File System...
[[0;32m  OK  [0m] Mounted FUSE Control File System.
[[0;32m  OK  [0m] Started Create Static Device Nodes in /dev.
         Starting udev Kernel Device Manager...
[[0;32m  OK  [0m] Started Apply Kernel Variables.
[[0;32m  OK  [0m] Started udev Kernel Device Manager.
[[0;32m  OK  [0m] Reached target Local File Systems (Pre).
[[0;32m  OK  [0m] Reached target Local File Systems.
         Starting Create Volatile Files and Directories...
         Starting Tell Plymouth To Write Out Runtime Data...
         Starting Clean up any mess left by 0dns-up...
         Starting LSB: AppArmor initialization...
         Starting Set console font and keymap...
[[0;32m  OK  [0m] Started Dispatch Password Requests to Console Directory Watch.
[[0;32m  OK  [0m] Started Tell Plymouth To Write Out Runtime Data.
[[0;32m  OK  [0m] Started Clean up any mess left by 0dns-up.
         Starting Nameserver information manager...
[[0;32m  OK  [0m] Started Nameserver information manager.
[[0;32m  OK  [0m] Started Create Volatile Files and Directories.
[[0;32m  OK  [0m] Reached target System Time Synchronized.
         Starting Update UTMP about System Boot/Shutdown...
[   25.514695] piix4_smbus 0000:00:07.0: SMBus base address uninitialized - upgrade BIOS or use force_addr=0xaddr
[[0;32m  OK  [0m] Found device /dev/ttyS0.
[[0;32m  OK  [0m] Started Update UTMP about System Boot/Shutdown.
[   27.170775] intel_rapl: no valid rapl domains found in package 0
[   27.208565] intel_rapl: no valid rapl domains found in package 0
[[0;32m  OK  [0m] Started Set console font and keymap.
[[0;32m  OK  [0m] Created slice system-getty.slice.
[[0;32m  OK  [0m] Found device 82540EM Gigabit Ethern...r (PRO/1000 MT Desktop Adapter).
[[0;32m  OK  [0m] Listening on Load/Save RF Kill Switch Status /dev/rfkill Watch.
[[0;32m  OK  [0m] Started LSB: AppArmor initialization.
[   31.634953] cloud-init[412]: Cloud-init v. 0.7.9 running 'init-local' at Sun, 12 Nov 2017 19:36:11 +0000. Up 30.69 seconds.
[[0;32m  OK  [0m] Started Initial cloud-init job (pre-networking).
[[0;32m  OK  [0m] Reached target Network (Pre).
         Starting Raise network interfaces...
[[0;32m  OK  [0m] Started ifup for enp0s3.
[[0;32m  OK  [0m] Started Raise network interfaces.
         Starting Initial cloud-init job (metadata service crawler)...
[   34.487786] cloud-init[1083]: Cloud-init v. 0.7.9 running 'init' at Sun, 12 Nov 2017 19:36:14 +0000. Up 33.77 seconds.
[[0;32m  OK  [0m] Started Initial cloud-init job (metadata service crawler).
[[   34.549114] cloud-init[1083]: ci-info: +++++++++++++++++++++++++++++++++++++Net device info++++++++++++++++++++++++++++++++++++++
[0;32m  OK  [0m] Reached target System Initialization.
[   34.554467] cloud-init[1083]: ci-info: +--------+------+----------------------------+---------------+-------+-------------------+
[[0;32m  OK  [0m] Listening on D-Bus System Message Bus Socket.
[   34.560463] cloud-init[1083]: ci-info: | Device |  Up  |          Address           |      Mask     | Scope |     Hw-Address    |
[   34.600708] cloud-init[1083]: ci-info: +--------+------+----------------------------+---------------+-------+-------------------+
[[0;32m  OK  [0m] Started Daily Cleanup of Temporary Directories.
[   34.600823] cloud-init[1083]: ci-info: |   lo   | True |         127.0.0.1          |   255.0.0.0   |   .   |         .         |
[   34.704327] cloud-init[1083]: ci-info: |   lo   | True |          ::1/128           |       .       |  host |         .         |
[   34.704694] cloud-init[1083]: ci-info: | enp0s3 | True |         10.0.2.15          | 255.255.255.0 |   .   | 02:fe:ea:33:6c:e6 |
[[0;32m  OK  [0m] Started ACPI Events Check.
[   34.704829] cloud-init[1083]: ci-info: | enp0s3 | True | fe80::fe:eaff:fe33:6ce6/64 |       .       |  link | 02:fe:ea:33:6c:e6 |
[   34.873084] cloud-init[1083]: ci-info: +--------+------+----------------------------+---------------+-------+-------------------+
[   34.873410] cloud-init[1083]: ci-info: +++++++++++++++++++++++++++Route IPv4 info++++++++++++++++++++++++++++
         Starting LXD - unix socket.
[[   34.873534] cloud-init[1083]: ci-info: +-------+-------------+----------+---------------+-----------+-------+
[0;32m  OK  [0m] Listening on ACPID Listen Socket.
[   34.940412] cloud-init[1083]: ci-info: | Route | Destination | Gateway  |    Genmask    | Interface | Flags |
[   34.984276] cloud-init[1083]: ci-info: +-------+-------------+----------+---------------+-----------+-------+
[   34.984601] cloud-init[1083]: ci-info: |   0   |   0.0.0.0   | 10.0.2.2 |    0.0.0.0    |   enp0s3  |   UG  |
[[0;32m  OK  [0m] Listening on Avahi mDNS/DNS-SD Stack Activation Socket.
         Starting Socket activation for snappy daemon.
[   34.984792] cloud-init[1083]: ci-info: |   1   |   10.0.2.0  | 0.0.0.0  | 255.255.255.0 |   enp0s3  |   U   |
[   35.120700] cloud-init[1083]: ci-info: |   2   | 169.254.0.0 | 0.0.0.0  |  255.255.0.0  |   enp0s3  |   U   |
[   35.122514] cloud-init[1083]: ci-info: +-------+-------------+----------+---------------+-----------+-------+
[[0;32m  OK  [0m] Started Daily apt activities.
[[0;32m  OK  [0m] Started Timer to automatically refresh installed snaps.
[[0;32m  OK  [0m] Reached target Timers.
[[0;32m  OK  [0m] Started CUPS Scheduler.
[[0;32m  OK  [0m] Reached target Paths.
[[0;32m  OK  [0m] Listening on UUID daemon activation socket.
[[0;32m  OK  [0m] Listening on CUPS Scheduler.
[[0;32m  OK  [0m] Reached target Cloud-config availability.
[[0;32m  OK  [0m] Listening on LXD - unix socket.
[[0;32m  OK  [0m] Listening on Socket activation for snappy daemon.
[[0;32m  OK  [0m] Reached target Sockets.
[[0;32m  OK  [0m] Reached target Basic System.
         Starting System Logging Service...
         Starting LSB: MD monitoring daemon...
[[0;32m  OK  [0m] Started FUSE filesystem for LXC.
         Starting Detect the available GPUs and deal with any system changes...
[[0;32m  OK  [0m] Started ACPI event daemon.
         Starting Avahi mDNS/DNS-SD Stack...
[[0;32m  OK  [0m] Started Regular background program processing daemon.
[[0;32m  OK  [0m] Started D-Bus System Message Bus.
[[0;32m  OK  [0m] Started Avahi mDNS/DNS-SD Stack.
         Starting Network Manager...
         Starting Restore /etc/resolv.conf i...re the ppp link was shut down...
[[0;32m  OK  [0m] Started Snappy daemon.
[[0;32m  OK  [0m] Started Run anacron jobs.
         Starting Login Service...
         Starting LSB: Record successful boot for GRUB...
         Starting Auto import assertions from block devices...
[[0;32m  OK  [0m] Started CUPS Scheduler.
[[0;32m  OK  [0m] Started Make remote CUPS printers available locally.
         Starting Accounts Service...
[[0;32m  OK  [0m] Started Deferred execution scheduler.
         Starting Modem Manager...
         Starting LXD - container startup/shutdown...
[[0;32m  OK  [0m] Started System Logging Service.
[[0;32m  OK  [0m] Started Detect the available GPUs and deal with any system changes.
[[0;32m  OK  [0m] Started Restore /etc/resolv.conf if...fore the ppp link was shut down.
[[0;32m  OK  [0m] Started Auto import assertions from block devices.
[[0;32m  OK  [0m] Started Login Service.
[[0;32m  OK  [0m] Started LSB: MD monitoring daemon.
[[0;32m  OK  [0m] Started LSB: Record successful boot for GRUB.
         Starting Authenticate and Authorize Users to Run Privileged Tasks...
[[0;32m  OK  [0m] Started Authenticate and Authorize Users to Run Privileged Tasks.
[[0;32m  OK  [0m] Started Accounts Service.
[[0;32m  OK  [0m] Started Network Manager.
         Starting Network Manager Wait Online...
[[0;32m  OK  [0m] Reached target Network.
[[0;32m  OK  [0m] Started Unattended Upgrades Shutdown.
         Starting Network Manager Script Dispatcher Service...
[[0;32m  OK  [0m] Started Network Manager Script Dispatcher Service.
         Starting Hostname Service...
[[0;32m  OK  [0m] Started Hostname Service.
[[0;32m  OK  [0m] Started Modem Manager.
[[0;32m  OK  [0m] Started LXD - container startup/shutdown.
[[0;32m  OK  [0m] Started Network Manager Wait Online.
[[0;32m  OK  [0m] Reached target Network is Online.
         Starting Apply the settings specified in cloud-config...
         Starting OpenBSD Secure Shell server...
         Starting iSCSI initiator daemon (iscsid)...
         Starting /etc/rc.local Compatibility...
[[0;32m  OK  [0m] Started /etc/rc.local Compatibility.
[[0;32m  OK  [0m] Started iSCSI initiator daemon (iscsid).
         Starting Login to default iSCSI targets...
[[0;32m  OK  [0m] Started OpenBSD Secure Shell server.
[[0;32m  OK  [0m] Started Login to default iSCSI targets.
[[0;32m  OK  [0m] Reached target Remote File Systems (Pre).
[[0;32m  OK  [0m] Reached target Remote File Systems.
[   47.480449] cloud-init[1262]: Cloud-init v. 0.7.9 running 'modules:config' at Sun, 12 Nov 2017 19:36:27 +0000. Up 47.18 seconds.
         Starting LSB: Set the CPU Frequency Scaling governor to "ondemand"...
         Starting Permit User Sessions...
         Starting LSB: VirtualBox Linux Additions...
         Starting LSB: daemon to balance interrupts for SMP systems...
         Starting LSB: Speech Dispatcher...
         Starting LSB: automatic crash report generation...
[[0;32m  OK  [0m] Started Apply the settings specified in cloud-config.
[[0;32m  OK  [0m] Started Permit User Sessions.
[[0;32m  OK  [0m] Started LSB: Set the CPU Frequency Scaling governor to "ondemand".
         Starting Hold until boot process finishes up...
         Starting Light Display Manager...
[[0;32m  OK  [0m] Started Hold until boot process finishes up.
[[0;32m  OK  [0m] Started LSB: Speech Dispatcher.
[[0;32m  OK  [0m] Started Getty on tty1.
         Starting Set console scheme...
[[0;32m  OK  [0m] Started Serial Getty on ttyS0.
[[0;32m  OK  [0m] Reached target Login Prompts.
[[0;32m  OK  [0m] Started LSB: daemon to balance interrupts for SMP systems.
[[0;32m  OK  [0m] Started Set console scheme.
[[0;32m  OK  [0m] Started LSB: automatic crash report generation.
[[0;32m  OK  [0m] Started LSB: VirtualBox Linux Additions.
[[0;32m  OK  [0m] Reached target Multi-User System.
         Starting Execute cloud user/final scripts...
[[0;32m  OK  [0m] Started Light Display Manager.
[[0;32m  OK  [0m] Reached target Graphical Interface.
         Starting Update UTMP about System Runlevel Changes...
[[0;32m  OK  [0m] Started Update UTMP about System Runlevel Changes.
[[0;32m  OK  [0m] Created slice User Slice of ubuntu.
[[0;32m  OK  [0m] Started Session 1 of user ubuntu.
         Starting User Manager for UID 1000...
[[0;32m  OK  [0m] Started User Manager for UID 1000.
[   50.313387] cloud-init[1394]: Cloud-init v. 0.7.9 running 'modules:final' at Sun, 12 Nov 2017 19:36:30 +0000. Up 49.33 seconds.
[   50.348031] cloud-init[1394]: Cloud-init v. 0.7.9 finished at Sun, 12 Nov 2017 19:36:30 +0000. Datasource DataSourceNoCloud [seed=/dev/sdb][dsmode=net].  Up 50.29 seconds
[[0;32m  OK  [0m] Started Execute cloud user/final scripts.
[[0;32m  OK  [0m] Reached target Cloud-init target.

Ubuntu 16.04.2 LTS ubuntu-xenial ttyS0

ubuntu-xenial login: 